Archive member included because of file (symbol)

d:/program files/emblocks/2.30/share/em_armgcc/bin/../lib/gcc/arm-none-eabi/4.7.3/armv7-m\libgcc.a(_arm_addsubdf3.o)
                              obj\release\src\modules\sht1x.o (__aeabi_f2d)
d:/program files/emblocks/2.30/share/em_armgcc/bin/../lib/gcc/arm-none-eabi/4.7.3/armv7-m\libgcc.a(_arm_cmpdf2.o)
                              obj\release\src\modules\sht1x.o (__aeabi_dcmplt)
d:/program files/emblocks/2.30/share/em_armgcc/bin/../lib/gcc/arm-none-eabi/4.7.3/armv7-m\libgcc.a(_arm_addsubsf3.o)
                              obj\release\src\modules\sht1x.o (__aeabi_fsub)
d:/program files/emblocks/2.30/share/em_armgcc/bin/../lib/gcc/arm-none-eabi/4.7.3/armv7-m\libgcc.a(_arm_muldivsf3.o)
                              obj\release\src\modules\lcd.o (__aeabi_fmul)
d:/program files/emblocks/2.30/share/em_armgcc/bin/../lib/gcc/arm-none-eabi/4.7.3/armv7-m\libgcc.a(_arm_cmpsf2.o)
                              obj\release\src\modules\sht1x.o (__aeabi_fcmpgt)
d:/program files/emblocks/2.30/share/em_armgcc/bin/../lib/gcc/arm-none-eabi/4.7.3/armv7-m\libgcc.a(_arm_fixsfsi.o)
                              obj\release\src\modules\lcd.o (__aeabi_f2iz)
d:/program files/emblocks/2.30/share/em_armgcc/bin/../lib/gcc/arm-none-eabi/4.7.3/../../../../arm-none-eabi/lib/armv7-m\libc_n.a(lib_a-exit.o)
                              d:/program files/emblocks/2.30/share/em_armgcc/bin/../lib/gcc/arm-none-eabi/4.7.3/../../../../arm-none-eabi/lib/armv7-m/crt0.o (exit)
d:/program files/emblocks/2.30/share/em_armgcc/bin/../lib/gcc/arm-none-eabi/4.7.3/../../../../arm-none-eabi/lib/armv7-m\libc_n.a(lib_a-impure.o)
                              d:/program files/emblocks/2.30/share/em_armgcc/bin/../lib/gcc/arm-none-eabi/4.7.3/../../../../arm-none-eabi/lib/armv7-m\libc_n.a(lib_a-exit.o) (_global_impure_ptr)
d:/program files/emblocks/2.30/share/em_armgcc/bin/../lib/gcc/arm-none-eabi/4.7.3/../../../../arm-none-eabi/lib/armv7-m\libc_n.a(lib_a-init.o)
                              d:/program files/emblocks/2.30/share/em_armgcc/bin/../lib/gcc/arm-none-eabi/4.7.3/../../../../arm-none-eabi/lib/armv7-m/crt0.o (__libc_init_array)
d:/program files/emblocks/2.30/share/em_armgcc/bin/../lib/gcc/arm-none-eabi/4.7.3/../../../../arm-none-eabi/lib/armv7-m\libc_n.a(lib_a-memset.o)
                              d:/program files/emblocks/2.30/share/em_armgcc/bin/../lib/gcc/arm-none-eabi/4.7.3/../../../../arm-none-eabi/lib/armv7-m/crt0.o (memset)
d:/program files/emblocks/2.30/share/em_armgcc/bin/../lib/gcc/arm-none-eabi/4.7.3/../../../../arm-none-eabi/lib/armv7-m\libnosys.a(_exit.o)
                              d:/program files/emblocks/2.30/share/em_armgcc/bin/../lib/gcc/arm-none-eabi/4.7.3/../../../../arm-none-eabi/lib/armv7-m\libc_n.a(lib_a-exit.o) (_exit)

Allocating common symbols
Common symbol       size              file

p                   0x4               obj\release\src\modules\bmp085.o
b2                  0x2               obj\release\src\modules\bmp085.o
mb                  0x2               obj\release\src\modules\bmp085.o
bmp085              0x24              obj\release\src\modules\bmp085.o
ac1                 0x2               obj\release\src\modules\bmp085.o
b1                  0x2               obj\release\src\modules\bmp085.o
ac6                 0x2               obj\release\src\modules\bmp085.o
Temp                0x2               obj\release\src\modules\timers.o
ac5                 0x2               obj\release\src\modules\bmp085.o
ac2                 0x2               obj\release\src\modules\bmp085.o
Hum                 0x2               obj\release\src\modules\timers.o
b4                  0x4               obj\release\src\modules\bmp085.o
x2                  0x4               obj\release\src\modules\bmp085.o
CalculatedTemp      0x4               obj\release\src\modules\timers.o
md                  0x2               obj\release\src\modules\bmp085.o
ac4                 0x2               obj\release\src\modules\bmp085.o
b7                  0x4               obj\release\src\modules\bmp085.o
mc                  0x2               obj\release\src\modules\bmp085.o
pressureAlt         0x4               obj\release\src\modules\bmp085.o
Crc                 0x1               obj\release\src\modules\timers.o
uncompensatedTemperature
                    0x4               obj\release\src\modules\bmp085.o
CalculatedHum       0x4               obj\release\src\modules\timers.o
pressureAverage     0x4               obj\release\src\modules\bmp085.o
pressureSum         0x4               obj\release\src\modules\bmp085.o
b5                  0x4               obj\release\src\modules\bmp085.o
x3                  0x4               obj\release\src\modules\bmp085.o
x1                  0x4               obj\release\src\modules\bmp085.o
b3                  0x4               obj\release\src\modules\bmp085.o
b6                  0x4               obj\release\src\modules\bmp085.o
uncompensatedPressure
[...]
Memory Configuration

Name             Origin             Length             Attributes
ROM              0x08000000         0x00010000         xr
RAM              0x20000000         0x00002000         xrw
*default*        0x00000000         0xffffffff

Linker script and memory map

LOAD d:/program files/emblocks/2.30/share/em_armgcc/bin/../lib/gcc/arm-none-eabi/4.7.3/armv7-m/crti.o
LOAD d:/program files/emblocks/2.30/share/em_armgcc/bin/../lib/gcc/arm-none-eabi/4.7.3/armv7-m/crtbegin.o
LOAD d:/program files/emblocks/2.30/share/em_armgcc/bin/../lib/gcc/arm-none-eabi/4.7.3/../../../../arm-none-eabi/lib/armv7-m/crt0.o
                0x00000000                __HEAP_SIZE = 0x0
                0x00000100                __STACK_SIZE = 0x100

.text           0x08000000     0x1ae0
 *(.isr_vector)
 .isr_vector    0x08000000      0x120 obj\release\src\startup_stm32f10x_md_vl.o
                0x08000000                __isr_vector
 *(.text*)
 .text          0x08000120       0x54 d:/program files/emblocks/2.30/share/em_armgcc/bin/../lib/gcc/arm-none-eabi/4.7.3/armv7-m/crtbegin.o
 .text          0x08000174       0x74 d:/program files/emblocks/2.30/share/em_armgcc/bin/../lib/gcc/arm-none-eabi/4.7.3/../../../../arm-none-eabi/lib/armv7-m/crt0.o
                0x08000174                _start
                0x08000174                _mainCRTStartup
 .text.FLASH_Unlock
                0x080001e8       0x20 obj\release\spl\src\stm32f10x_flash.o
                0x080001e8                FLASH_Unlock
 .text.FLASH_Lock
                0x08000208       0x14 obj\release\spl\src\stm32f10x_flash.o
                0x08000208                FLASH_Lock
 .text.FLASH_ClearFlag
                0x0800021c        0xc obj\release\spl\src\stm32f10x_flash.o
                0x0800021c                FLASH_ClearFlag
 .text.FLASH_GetBank1Status
                0x08000228       0x2c obj\release\spl\src\stm32f10x_flash.o
                0x08000228                FLASH_GetBank1Status
 .text.FLASH_WaitForLastOperation
                0x08000254       0x38 obj\release\spl\src\stm32f10x_flash.o
                0x08000254                FLASH_WaitForLastOperation
 .text.FLASH_ProgramHalfWord
                0x0800028c       0x3c obj\release\spl\src\stm32f10x_flash.o
                0x0800028c                FLASH_ProgramHalfWord
 .text.FLASH_ErasePage
                0x080002c8       0x40 obj\release\spl\src\stm32f10x_flash.o
                0x080002c8                FLASH_ErasePage
 .text.GPIO_Init
                0x08000308       0xc8 obj\release\spl\src\stm32f10x_gpio.o
                0x08000308                GPIO_Init
 .text.I2C_Init
                0x080003d0       0xe0 obj\release\spl\src\stm32f10x_i2c.o
                0x080003d0                I2C_Init
 .text.I2C_Cmd  0x080004b0       0x1c obj\release\spl\src\stm32f10x_i2c.o
                0x080004b0                I2C_Cmd
 .text.IWDG_WriteAccessCmd
                0x080004cc        0xc obj\release\spl\src\stm32f10x_iwdg.o
                0x080004cc                IWDG_WriteAccessCmd
 .text.IWDG_SetPrescaler
                0x080004d8        0xc obj\release\spl\src\stm32f10x_iwdg.o
                0x080004d8                IWDG_SetPrescaler
 .text.IWDG_SetReload
                0x080004e4        0xc obj\release\spl\src\stm32f10x_iwdg.o
                0x080004e4                IWDG_SetReload
 .text.IWDG_ReloadCounter
                0x080004f0       0x10 obj\release\spl\src\stm32f10x_iwdg.o
                0x080004f0                IWDG_ReloadCounter
 .text.IWDG_Enable
                0x08000500       0x10 obj\release\spl\src\stm32f10x_iwdg.o
                0x08000500                IWDG_Enable
 .text.RCC_GetClocksFreq
                0x08000510       0xac obj\release\spl\src\stm32f10x_rcc.o
                0x08000510                RCC_GetClocksFreq
 .text.RCC_APB2PeriphClockCmd
                0x080005bc       0x1c obj\release\spl\src\stm32f10x_rcc.o
                0x080005bc                RCC_APB2PeriphClockCmd
 .text.RCC_APB1PeriphClockCmd
                0x080005d8       0x1c obj\release\spl\src\stm32f10x_rcc.o
                0x080005d8                RCC_APB1PeriphClockCmd
 .text.IWDG_init
                0x080005f4       0x24 obj\release\src\main.o
                0x080005f4                IWDG_init
 .text.startup.main
                0x08000618       0xc8 obj\release\src\main.o
                0x08000618                main
 .text.ConfigureLCD
                0x080006e0       0x70 obj\release\src\modules\lcd.o
                0x080006e0                ConfigureLCD
 .text.DisplayTemperature
                0x08000750       0xcc obj\release\src\modules\lcd.o
                0x08000750                DisplayTemperature
 .text.bmp085_read_temperature
                0x0800081c       0x68 obj\release\src\modules\bmp085.o
                0x0800081c                bmp085_read_temperature
 .text.bmp085_init
                0x08000884       0x64 obj\release\src\modules\bmp085.o
                0x08000884                bmp085_init
 .text.EXTI0_IRQHandler
                0x080008e8       0x3c obj\release\src\modules\buttons.o
                0x080008e8                EXTI0_IRQHandler
 .text.EXTI1_IRQHandler
                0x08000924       0x20 obj\release\src\modules\buttons.o
                0x08000924                EXTI1_IRQHandler
 .text.EXTI2_IRQHandler
                0x08000944       0x44 obj\release\src\modules\buttons.o
                0x08000944                EXTI2_IRQHandler
 .text.EXTI3_IRQHandler
                0x08000988       0x3c obj\release\src\modules\buttons.o
                0x08000988                EXTI3_IRQHandler
 .text.EXTI4_IRQHandler
                0x080009c4       0x28 obj\release\src\modules\buttons.o
                0x080009c4                EXTI4_IRQHandler
 .text.TestPlusButton
                0x080009ec       0x5c obj\release\src\modules\buttons.o
                0x080009ec                TestPlusButton
 .text.TestMinusButton
                0x08000a48       0x5c obj\release\src\modules\buttons.o
                0x08000a48                TestMinusButton
 .text.ConfigureDAC1
                0x08000aa4       0x30 obj\release\src\modules\dac.o
                0x08000aa4                ConfigureDAC1
 .text.delay_1s
                0x08000ad4        0x4 obj\release\src\modules\delays.o
                0x08000ad4                delay_1s
 .text.delay_ms
                0x08000ad8        0x4 obj\release\src\modules\delays.o
                0x08000ad8                delay_ms
 .text.FLASH_WriteInts
                0x08000adc       0x3c obj\release\src\modules\flash.o
                0x08000adc                FLASH_WriteInts
 .text.GetTmin  0x08000b18       0x10 obj\release\src\modules\flash.o
                0x08000b18                GetTmin
 .text.GetTmax  0x08000b28       0x10 obj\release\src\modules\flash.o
                0x08000b28                GetTmax
 .text.lcd_set_4bit_mode
                0x08000b38      0x104 obj\release\src\modules\hd44780_driver.o
                0x08000b38                lcd_set_4bit_mode
 .text.lcd_send
                0x08000c3c      0x15c obj\release\src\modules\hd44780_driver.o
                0x08000c3c                lcd_send
 .text.lcd_clear
                0x08000d98        0x8 obj\release\src\modules\hd44780_driver.o
                0x08000d98                lcd_clear
 .text.lcd_out  0x08000da0       0x18 obj\release\src\modules\hd44780_driver.o
                0x08000da0                lcd_out
 .text.lcd_set_xy
                0x08000db8       0x14 obj\release\src\modules\hd44780_driver.o
                0x08000db8                lcd_set_xy
 .text.lcd_set_user_char
                0x08000dcc       0x30 obj\release\src\modules\hd44780_driver.o
                0x08000dcc                lcd_set_user_char
 .text.lcd_init
                0x08000dfc       0xb8 obj\release\src\modules\hd44780_driver.o
                0x08000dfc                lcd_init
 .text.I2c1_Init
                0x08000eb4       0x78 obj\release\src\modules\i2c.o
                0x08000eb4                I2c1_Init
 .text.mcu_i2c_read_byte
                0x08000f2c       0x78 obj\release\src\modules\i2c.o
                0x08000f2c                mcu_i2c_read_byte
 .text.mcu_i2c_write_byte
                0x08000fa4       0x6c obj\release\src\modules\i2c.o
                0x08000fa4                mcu_i2c_write_byte
 .text.mcu_i2c_write_two_byte
                0x08001010       0x88 obj\release\src\modules\i2c.o
                0x08001010                mcu_i2c_write_two_byte
 .text.ButtonConf
                0x08001098       0x7c obj\release\src\modules\ioconfig.o
                0x08001098                ButtonConf
 .text.PortCConf
                0x08001114       0x2c obj\release\src\modules\ioconfig.o
                0x08001114                PortCConf
 .text.PortBConf
                0x08001140      0x154 obj\release\src\modules\ioconfig.o
                0x08001140                PortBConf
 .text.PortAConf
                0x08001294       0x7c obj\release\src\modules\ioconfig.o
                0x08001294                PortAConf
 .text.ControlPeltier
                0x08001310      0x150 obj\release\src\modules\peltier.o
                0x08001310                ControlPeltier
 .text.NMI_Handler
                0x08001460        0x4 obj\release\src\modules\stm32f10x_it.o
                0x08001460                NMI_Handler
 .text.HardFault_Handler
                0x08001464        0x4 obj\release\src\modules\stm32f10x_it.o
                0x08001464                HardFault_Handler
 .text.MemManage_Handler
                0x08001468        0x4 obj\release\src\modules\stm32f10x_it.o
                0x08001468                MemManage_Handler
 .text.BusFault_Handler
                0x0800146c        0x4 obj\release\src\modules\stm32f10x_it.o
                0x0800146c                BusFault_Handler
 .text.UsageFault_Handler
                0x08001470        0x4 obj\release\src\modules\stm32f10x_it.o
                0x08001470                UsageFault_Handler
 .text.SVC_Handler
                0x08001474        0x4 obj\release\src\modules\stm32f10x_it.o
                0x08001474                SVC_Handler
 .text.DebugMon_Handler
                0x08001478        0x4 obj\release\src\modules\stm32f10x_it.o
                0x08001478                DebugMon_Handler
 .text.PendSV_Handler
                0x0800147c        0x4 obj\release\src\modules\stm32f10x_it.o
                0x0800147c                PendSV_Handler
 .text.SysTick_Handler
                0x08001480        0x4 obj\release\src\modules\stm32f10x_it.o
                0x08001480                SysTick_Handler
 .text.TIM2_init
                0x08001484       0xa0 obj\release\src\modules\timers.o
                0x08001484                TIM2_init
 .text.TIM3_init
                0x08001524       0xa4 obj\release\src\modules\timers.o
                0x08001524                TIM3_init
 .text.TIM2_IRQHandler
                0x080015c8       0x40 obj\release\src\modules\timers.o
                0x080015c8                TIM2_IRQHandler
 .text.TIM3_IRQHandler
                0x08001608      0x1ec obj\release\src\modules\timers.o
                0x08001608                TIM3_IRQHandler
 .text.Init_UART1
                0x080017f4       0x70 obj\release\src\modules\uart.o
                0x080017f4                Init_UART1
 .text          0x08001864       0xb4 obj\release\src\startup_stm32f10x_md_vl.o
                0x08001864                Reset_Handler
                0x080018bc                Default_Handler
                0x080018be                WWDG_IRQHandler
                0x080018c0                PVD_IRQHandler
                0x080018c2                TAMPER_IRQHandler
                0x080018c4                RTC_IRQHandler
                0x080018c6                FLASH_IRQHandler
                0x080018c8                RCC_IRQHandler
                0x080018d4                DMA1_Channel1_IRQHandler
                0x080018d6                DMA1_Channel2_IRQHandler
                0x080018d8                DMA1_Channel3_IRQHandler
                0x080018da                DMA1_Channel4_IRQHandler
                0x080018dc                DMA1_Channel5_IRQHandler
                0x080018de                DMA1_Channel6_IRQHandler
                0x080018e0                DMA1_Channel7_IRQHandler
                0x080018e2                ADC1_IRQHandler
                0x080018e4                EXTI9_5_IRQHandler
                0x080018e6                TIM1_BRK_TIM15_IRQHandler
                0x080018e8                TIM1_UP_TIM16_IRQHandler
                0x080018ea                TIM1_TRG_COM_TIM17_IRQHandler
                0x080018ec                TIM1_CC_IRQHandler
                0x080018f2                TIM4_IRQHandler
                0x080018f4                I2C1_EV_IRQHandler
                0x080018f6                I2C1_ER_IRQHandler
                0x080018f8                I2C2_EV_IRQHandler
                0x080018fa                I2C2_ER_IRQHandler
                0x080018fc                SPI1_IRQHandler
                0x080018fe                SPI2_IRQHandler
                0x08001900                USART1_IRQHandler
                0x08001902                USART2_IRQHandler
                0x08001904                USART3_IRQHandler
                0x08001906                EXTI15_10_IRQHandler
                0x08001908                RTCAlarm_IRQHandler
                0x0800190a                CEC_IRQHandler
                0x0800190c                TIM6_DAC_IRQHandler
                0x0800190e                TIM7_IRQHandler
 .text.SystemInit
                0x08001918       0xfc obj\release\src\system_stm32f10x.o
                0x08001918                SystemInit
 .text.exit     0x08001a14       0x28 d:/program files/emblocks/2.30/share/em_armgcc/bin/../lib/gcc/arm-none-eabi/4.7.3/../../../../arm-none-eabi/lib/armv7-m\libc_n.a(lib_a-exit.o)
                0x08001a14                exit
 .text.__libc_init_array
                0x08001a3c       0x4c d:/program files/emblocks/2.30/share/em_armgcc/bin/../lib/gcc/arm-none-eabi/4.7.3/../../../../arm-none-eabi/lib/armv7-m\libc_n.a(lib_a-init.o)
                0x08001a3c                __libc_init_array
 .text.memset   0x08001a88       0x10 d:/program files/emblocks/2.30/share/em_armgcc/bin/../lib/gcc/arm-none-eabi/4.7.3/../../../../arm-none-eabi/lib/armv7-m\libc_n.a(lib_a-memset.o)
                0x08001a88                memset
 .text._exit    0x08001a98        0x4 d:/program files/emblocks/2.30/share/em_armgcc/bin/../lib/gcc/arm-none-eabi/4.7.3/../../../../arm-none-eabi/lib/armv7-m\libnosys.a(_exit.o)
                0x08001a98                _exit
 *(.init)
 .init          0x08001a9c        0x4 d:/program files/emblocks/2.30/share/em_armgcc/bin/../lib/gcc/arm-none-eabi/4.7.3/armv7-m/crti.o
                0x08001a9c                _init
 .init          0x08001aa0        0x8 d:/program files/emblocks/2.30/share/em_armgcc/bin/../lib/gcc/arm-none-eabi/4.7.3/armv7-m/crtn.o
 *(.fini)
 .fini          0x08001aa8        0x4 d:/program files/emblocks/2.30/share/em_armgcc/bin/../lib/gcc/arm-none-eabi/4.7.3/armv7-m/crti.o
                0x08001aa8                _fini
 .fini          0x08001aac        0x8 d:/program files/emblocks/2.30/share/em_armgcc/bin/../lib/gcc/arm-none-eabi/4.7.3/armv7-m/crtn.o
 *crtbegin.o(.ctors)
 *crtbegin?.o(.ctors)
 *(EXCLUDE_FILE(*crtend.o *crtend?.o) .ctors)
 *(SORT(.ctors.*))
 *(.ctors)
 *crtbegin.o(.dtors)
 *crtbegin?.o(.dtors)
 *(EXCLUDE_FILE(*crtend.o *crtend?.o) .dtors)
 *(SORT(.dtors.*))
 *(.dtors)
 *(.rodata*)
 .rodata.str1.4
                0x08001ab4       0x18 obj\release\src\modules\peltier.o
 .rodata.str1.4
                0x08001acc        0x8 obj\release\src\modules\timers.o
 .rodata.str1.1
                0x08001ad4        0x2 d:/program files/emblocks/2.30/share/em_armgcc/bin/../lib/gcc/arm-none-eabi/4.7.3/../../../../arm-none-eabi/lib/armv7-m\libc_n.a(lib_a-impure.o)
 *fill*         0x08001ad6        0x2 
 .rodata._global_impure_ptr
                0x08001ad8        0x4 d:/program files/emblocks/2.30/share/em_armgcc/bin/../lib/gcc/arm-none-eabi/4.7.3/../../../../arm-none-eabi/lib/armv7-m\libc_n.a(lib_a-impure.o)
                0x08001ad8                _global_impure_ptr
 *(.eh_frame*)
 .eh_frame      0x08001adc        0x0 d:/program files/emblocks/2.30/share/em_armgcc/bin/../lib/gcc/arm-none-eabi/4.7.3/armv7-m/crtbegin.o
 .eh_frame      0x08001adc        0x4 d:/program files/emblocks/2.30/share/em_armgcc/bin/../lib/gcc/arm-none-eabi/4.7.3/armv7-m/crtend.o

.glue_7         0x08001ae0        0x0
 .glue_7        0x00000000        0x0 linker stubs

.glue_7t        0x08001ae0        0x0
 .glue_7t       0x00000000        0x0 linker stubs

.vfp11_veneer   0x08001ae0        0x0
 .vfp11_veneer  0x00000000        0x0 linker stubs

.v4_bx          0x08001ae0        0x0
 .v4_bx         0x00000000        0x0 linker stubs

.iplt           0x08001ae0        0x0
 .iplt          0x00000000        0x0 d:/program files/emblocks/2.30/share/em_armgcc/bin/../lib/gcc/arm-none-eabi/4.7.3/armv7-m/crtbegin.o

.ARM.extab
 *(.ARM.extab* .gnu.linkonce.armextab.*)
                0x08001ae0                __exidx_start = .

.ARM.exidx      0x08001ae0        0x8
 *(.ARM.exidx* .gnu.linkonce.armexidx.*)
 .ARM.exidx     0x08001ae0        0x8 d:/program files/emblocks/2.30/share/em_armgcc/bin/../lib/gcc/arm-none-eabi/4.7.3/../../../../arm-none-eabi/lib/armv7-m/crt0.o
                0x08001ae8                __exidx_end = .
                0x08001ae8                __etext = .

.rel.dyn        0x08001ae8        0x0
 .rel.iplt      0x00000000        0x0 d:/program files/emblocks/2.30/share/em_armgcc/bin/../lib/gcc/arm-none-eabi/4.7.3/armv7-m/crtbegin.o

.data           0x20000000       0xb8 load address 0x08001ae8
                0x20000000                __data_start__ = .
 *(vtable)
 *(.data*)
 .data.ADCPrescTable
                0x20000000        0x4 obj\release\spl\src\stm32f10x_rcc.o
 .data.APBAHBPrescTable
                0x20000004       0x10 obj\release\spl\src\stm32f10x_rcc.o
 .data.Char_0   0x20000014        0x8 obj\release\src\modules\lcd.o
                0x20000014                Char_0
 .data.Char_1   0x2000001c        0x8 obj\release\src\modules\lcd.o
                0x2000001c                Char_1
 .data.Char_2   0x20000024        0x8 obj\release\src\modules\lcd.o
                0x20000024                Char_2
 .data.Char_3   0x2000002c        0x8 obj\release\src\modules\lcd.o
                0x2000002c                Char_3
 .data.Char_4   0x20000034        0x8 obj\release\src\modules\lcd.o
                0x20000034                Char_4
 .data.Char_5   0x2000003c        0x8 obj\release\src\modules\lcd.o
                0x2000003c                Char_5
 .data.Char_6   0x20000044        0x8 obj\release\src\modules\lcd.o
                0x20000044                Char_6
 .data.PressedDelay.6632
                0x2000004c        0x1 obj\release\src\modules\buttons.o
 .data.PressedDelay.6638
                0x2000004d        0x1 obj\release\src\modules\buttons.o
 .data.Temper   0x2000004e        0x2 obj\release\src\modules\timers.o
                0x2000004e                Temper
 .data.impure_data
                0x20000050       0x60 d:/program files/emblocks/2.30/share/em_armgcc/bin/../lib/gcc/arm-none-eabi/4.7.3/../../../../arm-none-eabi/lib/armv7-m\libc_n.a(lib_a-impure.o)
                0x200000b0                . = ALIGN (0x4)
                0x200000b0                PROVIDE (__preinit_array_start, .)
 *(.preinit_array)
                0x200000b0                PROVIDE (__preinit_array_end, .)
                0x200000b0                . = ALIGN (0x4)
                0x200000b0                PROVIDE (__init_array_start, .)
 *(SORT(.init_array.*))
 *(.init_array)
 .init_array    0x200000b0        0x4 d:/program files/emblocks/2.30/share/em_armgcc/bin/../lib/gcc/arm-none-eabi/4.7.3/armv7-m/crtbegin.o
                0x200000b4                PROVIDE (__init_array_end, .)
                0x200000b4                . = ALIGN (0x4)
                0x200000b4                PROVIDE (__fini_array_start, .)
 *(SORT(.fini_array.*))
 *(.fini_array)
 .fini_array    0x200000b4        0x4 d:/program files/emblocks/2.30/share/em_armgcc/bin/../lib/gcc/arm-none-eabi/4.7.3/armv7-m/crtbegin.o
                0x200000b8                PROVIDE (__fini_array_end, .)
                0x200000b8                . = ALIGN (0x4)
                0x200000b8                __data_end__ = .

.jcr            0x200000b8        0x0 load address 0x08001ba0
 .jcr           0x200000b8        0x0 d:/program files/emblocks/2.30/share/em_armgcc/bin/../lib/gcc/arm-none-eabi/4.7.3/armv7-m/crtbegin.o

.igot.plt       0x200000b8        0x0 load address 0x08001ba0
 .igot.plt      0x00000000        0x0 d:/program files/emblocks/2.30/share/em_armgcc/bin/../lib/gcc/arm-none-eabi/4.7.3/armv7-m/crtbegin.o

.bss            0x200000b8       0xd6 load address 0x08001ba0
                0x200000b8                __bss_start__ = .
 *(.bss*)
 .bss           0x200000b8       0x1c d:/program files/emblocks/2.30/share/em_armgcc/bin/../lib/gcc/arm-none-eabi/4.7.3/armv7-m/crtbegin.o
 .bss.DispString
                0x200000d4       0x14 obj\release\src\modules\lcd.o
                0x200000d4                DispString
 .bss.temperature
                0x200000e8        0x4 obj\release\src\modules\lcd.o
                0x200000e8                temperature
 .bss.Button2Down
                0x200000ec        0x1 obj\release\src\modules\buttons.o
                0x200000ec                Button2Down
 .bss.Button3Down
                0x200000ed        0x1 obj\release\src\modules\buttons.o
                0x200000ed                Button3Down
 .bss.InsideCounter.6626
                0x200000ee        0x1 obj\release\src\modules\buttons.o
 .bss.FlagCount.6633
                0x200000ef        0x1 obj\release\src\modules\buttons.o
 .bss.InsideCounter.6612
                0x200000f0        0x1 obj\release\src\modules\buttons.o
 .bss.InsideCounter.6608
                0x200000f1        0x1 obj\release\src\modules\buttons.o
 .bss.Button4Down
                0x200000f2        0x1 obj\release\src\modules\buttons.o
                0x200000f2                Button4Down
 .bss.Button3Up
                0x200000f3        0x1 obj\release\src\modules\buttons.o
                0x200000f3                Button3Up
 .bss.InsideCounter.6616
                0x200000f4        0x1 obj\release\src\modules\buttons.o
 .bss.InsideCounter.6622
                0x200000f5        0x1 obj\release\src\modules\buttons.o
 .bss.Button2Up
                0x200000f6        0x1 obj\release\src\modules\buttons.o
                0x200000f6                Button2Up
 .bss.Button4Up
                0x200000f7        0x1 obj\release\src\modules\buttons.o
                0x200000f7                Button4Up
 .bss.FlagCount.6639
                0x200000f8        0x1 obj\release\src\modules\buttons.o
 .bss.Curse     0x200000f9        0x1 obj\release\src\modules\peltier.o
                0x200000f9                Curse
 .bss.DoStep.6616
                0x200000fa        0x1 obj\release\src\modules\peltier.o
 .bss.OldCurse.6615
                0x200000fb        0x1 obj\release\src\modules\peltier.o
 .bss.InsideCounter.6779
                0x200000fc        0x2 obj\release\src\modules\timers.o
 .bss.InternalCounter.6784
                0x200000fe        0x2 obj\release\src\modules\timers.o
 .bss.SetCondition.6783
                0x20000100        0x1 obj\release\src\modules\timers.o
 *(COMMON)
 *fill*         0x20000101        0x3 
 COMMON         0x20000104        0x4 obj\release\src\main.o
                0x20000104                TempsLimits
 COMMON         0x20000108       0x86 obj\release\src\modules\bmp085.o
                0x20000108                p
                0x2000010c                b2
                0x20000110                mb
                0x20000114                bmp085
                0x20000138                ac1
                0x2000013c                b1
                0x20000140                ac6
                0x20000144                ac5
                0x20000148                ac2
                0x2000014c                b4
                0x20000150                x2
                0x20000154                md
                0x20000158                ac4
                0x2000015c                b7
                0x20000160                mc
                0x20000164                pressureAlt
                0x20000168                uncompensatedTemperature
                0x2000016c                pressureAverage
                0x20000170                pressureSum
                0x20000174                b5
                0x20000178                x3
                0x2000017c                x1
                0x20000180                b3
                0x20000184                b6
                0x20000188                uncompensatedPressure
                0x2000018c                ac3
                0x2000018e                __bss_end__ = .

.heap           0x20000190        0x0
                0x20000190                __end__ = .
                0x20000190                end = __end__
 *(.heap*)
 .heap          0x20000190        0x0 obj\release\src\startup_stm32f10x_md_vl.o
                0x20000190                __HeapLimit = .

.stack_dummy    0x20000190      0x100
 *(.stack)
 .stack         0x20000190      0x100 obj\release\src\startup_stm32f10x_md_vl.o
                0x20002000                __StackTop = (ORIGIN (RAM) + 0x2000)
                0x20001f00                __StackLimit = (__StackTop - SIZEOF (.stack_dummy))
                0x20002000                PROVIDE (__stack, __StackTop)
                0x00000001                ASSERT ((__StackLimit >= __HeapLimit), region RAM overflowed with stack)
LOAD obj\release\spl\src\misc.o
LOAD obj\release\spl\src\stm32f10x_adc.o
LOAD obj\release\spl\src\stm32f10x_bkp.o
LOAD obj\release\spl\src\stm32f10x_can.o
LOAD obj\release\spl\src\stm32f10x_cec.o
LOAD obj\release\spl\src\stm32f10x_crc.o
LOAD obj\release\spl\src\stm32f10x_dac.o
LOAD obj\release\spl\src\stm32f10x_dbgmcu.o
LOAD obj\release\spl\src\stm32f10x_dma.o
LOAD obj\release\spl\src\stm32f10x_exti.o
LOAD obj\release\spl\src\stm32f10x_flash.o
LOAD obj\release\spl\src\stm32f10x_fsmc.o
LOAD obj\release\spl\src\stm32f10x_gpio.o
LOAD obj\release\spl\src\stm32f10x_i2c.o
LOAD obj\release\spl\src\stm32f10x_iwdg.o
LOAD obj\release\spl\src\stm32f10x_pwr.o
LOAD obj\release\spl\src\stm32f10x_rcc.o
LOAD obj\release\spl\src\stm32f10x_rtc.o
LOAD obj\release\spl\src\stm32f10x_sdio.o
LOAD obj\release\spl\src\stm32f10x_spi.o
LOAD obj\release\spl\src\stm32f10x_tim.o
LOAD obj\release\spl\src\stm32f10x_usart.o
LOAD obj\release\spl\src\stm32f10x_wwdg.o
LOAD obj\release\src\main.o
LOAD obj\release\src\modules\lcd.o
LOAD obj\release\src\modules\bmp085.o
LOAD obj\release\src\modules\buttons.o
LOAD obj\release\src\modules\calculations.o
LOAD obj\release\src\modules\clock_calendar.o
LOAD obj\release\src\modules\dac.o
LOAD obj\release\src\modules\delays.o
LOAD obj\release\src\modules\ds18b20.o
LOAD obj\release\src\modules\flash.o
LOAD obj\release\src\modules\gpio_emcu.o
LOAD obj\release\src\modules\hd44780_driver.o
LOAD obj\release\src\modules\hd44780_emcu.o
LOAD obj\release\src\modules\i2c.o
LOAD obj\release\src\modules\ioconfig.o
LOAD obj\release\src\modules\peltier.o
LOAD obj\release\src\modules\sht1x.o
LOAD obj\release\src\modules\stm32f10x_it.o
LOAD obj\release\src\modules\timers.o
LOAD obj\release\src\modules\uart.o
LOAD obj\release\src\startup_stm32f10x_md_vl.o
LOAD obj\release\src\system_stm32f10x.o
START GROUP
LOAD d:/program files/emblocks/2.30/share/em_armgcc/bin/../lib/gcc/arm-none-eabi/4.7.3/armv7-m\libgcc.a
LOAD d:/program files/emblocks/2.30/share/em_armgcc/bin/../lib/gcc/arm-none-eabi/4.7.3/../../../../arm-none-eabi/lib/armv7-m\libc_n.a
LOAD d:/program files/emblocks/2.30/share/em_armgcc/bin/../lib/gcc/arm-none-eabi/4.7.3/../../../../arm-none-eabi/lib/armv7-m\libg_n.a
LOAD d:/program files/emblocks/2.30/share/em_armgcc/bin/../lib/gcc/arm-none-eabi/4.7.3/../../../../arm-none-eabi/lib/armv7-m\libnosys.a
END GROUP
LOAD d:/program files/emblocks/2.30/share/em_armgcc/bin/../lib/gcc/arm-none-eabi/4.7.3/armv7-m/crtend.o
LOAD d:/program files/emblocks/2.30/share/em_armgcc/bin/../lib/gcc/arm-none-eabi/4.7.3/armv7-m/crtn.o
OUTPUT(bin\Release\PELTIER_dr.elf elf32-littlearm)

.ARM.attributes
                0x00000000       0x29
 .ARM.attributes
                0x00000000       0x1d d:/program files/emblocks/2.30/share/em_armgcc/bin/../lib/gcc/arm-none-eabi/4.7.3/armv7-m/crti.o
 .ARM.attributes
                0x0000001d       0x2d d:/program files/emblocks/2.30/share/em_armgcc/bin/../lib/gcc/arm-none-eabi/4.7.3/armv7-m/crtbegin.o
 .ARM.attributes
                0x0000004a       0x1b d:/program files/emblocks/2.30/share/em_armgcc/bin/../lib/gcc/arm-none-eabi/4.7.3/../../../../arm-none-eabi/lib/armv7-m/crt0.o
 .ARM.attributes
                0x00000065       0x33 obj\release\spl\src\stm32f10x_flash.o
 .ARM.attributes
                0x00000098       0x33 obj\release\spl\src\stm32f10x_gpio.o
 .ARM.attributes
                0x000000cb       0x33 obj\release\spl\src\stm32f10x_i2c.o
 .ARM.attributes
                0x000000fe       0x33 obj\release\spl\src\stm32f10x_iwdg.o
 .ARM.attributes
                0x00000131       0x33 obj\release\spl\src\stm32f10x_rcc.o
 .ARM.attributes
                0x00000164       0x33 obj\release\src\main.o
 .ARM.attributes
                0x00000197       0x33 obj\release\src\modules\lcd.o
 .ARM.attributes
                0x000001ca       0x33 obj\release\src\modules\bmp085.o
 .ARM.attributes
                0x000001fd       0x33 obj\release\src\modules\buttons.o
 .ARM.attributes
                0x00000230       0x33 obj\release\src\modules\dac.o
 .ARM.attributes
                0x00000263       0x33 obj\release\src\modules\delays.o
 .ARM.attributes
                0x00000296       0x33 obj\release\src\modules\flash.o
 .ARM.attributes
                0x000002c9       0x33 obj\release\src\modules\hd44780_driver.o
 .ARM.attributes
                0x000002fc       0x33 obj\release\src\modules\i2c.o
 .ARM.attributes
                0x0000032f       0x33 obj\release\src\modules\ioconfig.o
 .ARM.attributes
                0x00000362       0x33 obj\release\src\modules\peltier.o
 .ARM.attributes
                0x00000395       0x33 obj\release\src\modules\stm32f10x_it.o
 .ARM.attributes
                0x000003c8       0x33 obj\release\src\modules\timers.o
 .ARM.attributes
                0x000003fb       0x33 obj\release\src\modules\uart.o
 .ARM.attributes
                0x0000042e       0x1b obj\release\src\startup_stm32f10x_md_vl.o
 .ARM.attributes
                0x00000449       0x33 obj\release\src\system_stm32f10x.o
 .ARM.attributes
                0x0000047c       0x2d d:/program files/emblocks/2.30/share/em_armgcc/bin/../lib/gcc/arm-none-eabi/4.7.3/../../../../arm-none-eabi/lib/armv7-m\libc_n.a(lib_a-exit.o)
 .ARM.attributes
                0x000004a9       0x2d d:/program files/emblocks/2.30/share/em_armgcc/bin/../lib/gcc/arm-none-eabi/4.7.3/../../../../arm-none-eabi/lib/armv7-m\libc_n.a(lib_a-impure.o)
 .ARM.attributes
                0x000004d6       0x2d d:/program files/emblocks/2.30/share/em_armgcc/bin/../lib/gcc/arm-none-eabi/4.7.3/../../../../arm-none-eabi/lib/armv7-m\libc_n.a(lib_a-init.o)
 .ARM.attributes
                0x00000503       0x2d d:/program files/emblocks/2.30/share/em_armgcc/bin/../lib/gcc/arm-none-eabi/4.7.3/../../../../arm-none-eabi/lib/armv7-m\libc_n.a(lib_a-memset.o)
 .ARM.attributes
                0x00000530       0x2d d:/program files/emblocks/2.30/share/em_armgcc/bin/../lib/gcc/arm-none-eabi/4.7.3/../../../../arm-none-eabi/lib/armv7-m\libnosys.a(_exit.o)
 .ARM.attributes
                0x0000055d       0x2d d:/program files/emblocks/2.30/share/em_armgcc/bin/../lib/gcc/arm-none-eabi/4.7.3/armv7-m/crtend.o
 .ARM.attributes
                0x0000058a       0x1d d:/program files/emblocks/2.30/share/em_armgcc/bin/../lib/gcc/arm-none-eabi/4.7.3/armv7-m/crtn.o

.comment        0x00000000       0x38
 .comment       0x00000000       0x38 obj\release\spl\src\stm32f10x_flash.o
                                 0x39 (size before relaxing)
 .comment       0x00000000       0x39 obj\release\spl\src\stm32f10x_gpio.o
 .comment       0x00000000       0x39 obj\release\spl\src\stm32f10x_i2c.o
 .comment       0x00000000       0x39 obj\release\spl\src\stm32f10x_iwdg.o
 .comment       0x00000000       0x39 obj\release\spl\src\stm32f10x_rcc.o
 .comment       0x00000000       0x39 obj\release\src\main.o
 .comment       0x00000000       0x39 obj\release\src\modules\lcd.o
 .comment       0x00000000       0x39 obj\release\src\modules\bmp085.o
 .comment       0x00000000       0x39 obj\release\src\modules\buttons.o
 .comment       0x00000000       0x39 obj\release\src\modules\dac.o
 .comment       0x00000000       0x39 obj\release\src\modules\delays.o
 .comment       0x00000000       0x39 obj\release\src\modules\flash.o
 .comment       0x00000000       0x39 obj\release\src\modules\hd44780_driver.o
 .comment       0x00000000       0x39 obj\release\src\modules\i2c.o
 .comment       0x00000000       0x39 obj\release\src\modules\ioconfig.o
 .comment       0x00000000       0x39 obj\release\src\modules\peltier.o
 .comment       0x00000000       0x39 obj\release\src\modules\stm32f10x_it.o
 .comment       0x00000000       0x39 obj\release\src\modules\timers.o
 .comment       0x00000000       0x39 obj\release\src\modules\uart.o
 .comment       0x00000000       0x39 obj\release\src\system_stm32f10x.o

.debug_info     0x00000000     0x7504
 .debug_info    0x00000000      0xb01 obj\release\spl\src\stm32f10x_flash.o
 .debug_info    0x00000b01      0x904 obj\release\spl\src\stm32f10x_gpio.o
 .debug_info    0x00001405      0xc70 obj\release\spl\src\stm32f10x_i2c.o
 .debug_info    0x00002075      0x233 obj\release\spl\src\stm32f10x_iwdg.o
 .debug_info    0x000022a8      0xa5a obj\release\spl\src\stm32f10x_rcc.o
 .debug_info    0x00002d02      0x505 obj\release\src\main.o
 .debug_info    0x00003207      0x44e obj\release\src\modules\lcd.o
 .debug_info    0x00003655      0x823 obj\release\src\modules\bmp085.o
 .debug_info    0x00003e78      0x47a obj\release\src\modules\buttons.o
 .debug_info    0x000042f2      0x27f obj\release\src\modules\dac.o
 .debug_info    0x00004571      0x153 obj\release\src\modules\delays.o
 .debug_info    0x000046c4      0x2d2 obj\release\src\modules\flash.o
 .debug_info    0x00004996      0x726 obj\release\src\modules\hd44780_driver.o
 .debug_info    0x000050bc      0x5bb obj\release\src\modules\i2c.o
 .debug_info    0x00005677      0x6ea obj\release\src\modules\ioconfig.o
 .debug_info    0x00005d61      0x251 obj\release\src\modules\peltier.o
 .debug_info    0x00005fb2      0x18b obj\release\src\modules\stm32f10x_it.o
 .debug_info    0x0000613d      0xb4d obj\release\src\modules\timers.o
 .debug_info    0x00006c8a      0x372 obj\release\src\modules\uart.o
 .debug_info    0x00006ffc       0x69 obj\release\src\startup_stm32f10x_md_vl.o
 .debug_info    0x00007065      0x49f obj\release\src\system_stm32f10x.o

.debug_abbrev   0x00000000     0x1f2e
 .debug_abbrev  0x00000000      0x24a obj\release\spl\src\stm32f10x_flash.o
 .debug_abbrev  0x0000024a      0x221 obj\release\spl\src\stm32f10x_gpio.o
 .debug_abbrev  0x0000046b      0x1fe obj\release\spl\src\stm32f10x_i2c.o
 .debug_abbrev  0x00000669      0x114 obj\release\spl\src\stm32f10x_iwdg.o
 .debug_abbrev  0x0000077d      0x28f obj\release\spl\src\stm32f10x_rcc.o
 .debug_abbrev  0x00000a0c      0x193 obj\release\src\main.o
 .debug_abbrev  0x00000b9f      0x1c0 obj\release\src\modules\lcd.o
 .debug_abbrev  0x00000d5f      0x218 obj\release\src\modules\bmp085.o
 .debug_abbrev  0x00000f77      0x178 obj\release\src\modules\buttons.o
 .debug_abbrev  0x000010ef       0xa1 obj\release\src\modules\dac.o
 .debug_abbrev  0x00001190       0xd1 obj\release\src\modules\delays.o
 .debug_abbrev  0x00001261      0x14c obj\release\src\modules\flash.o
 .debug_abbrev  0x000013ad      0x211 obj\release\src\modules\hd44780_driver.o
 .debug_abbrev  0x000015be      0x183 obj\release\src\modules\i2c.o
 .debug_abbrev  0x00001741      0x198 obj\release\src\modules\ioconfig.o
 .debug_abbrev  0x000018d9      0x111 obj\release\src\modules\peltier.o
 .debug_abbrev  0x000019ea       0xa2 obj\release\src\modules\stm32f10x_it.o
 .debug_abbrev  0x00001a8c      0x22b obj\release\src\modules\timers.o
 .debug_abbrev  0x00001cb7       0xf3 obj\release\src\modules\uart.o
 .debug_abbrev  0x00001daa       0x14 obj\release\src\startup_stm32f10x_md_vl.o
 .debug_abbrev  0x00001dbe      0x170 obj\release\src\system_stm32f10x.o

.debug_loc      0x00000000     0x35e5
 .debug_loc     0x00000000      0xa7c obj\release\spl\src\stm32f10x_flash.o
 .debug_loc     0x00000a7c      0x5f6 obj\release\spl\src\stm32f10x_gpio.o
 .debug_loc     0x00001072      0x7cb obj\release\spl\src\stm32f10x_i2c.o
 .debug_loc     0x0000183d       0x62 obj\release\spl\src\stm32f10x_iwdg.o
 .debug_loc     0x0000189f      0x88d obj\release\spl\src\stm32f10x_rcc.o
 .debug_loc     0x0000212c       0x40 obj\release\src\main.o
 .debug_loc     0x0000216c      0x191 obj\release\src\modules\lcd.o
 .debug_loc     0x000022fd      0x580 obj\release\src\modules\bmp085.o
 .debug_loc     0x0000287d      0x16e obj\release\src\modules\buttons.o
 .debug_loc     0x000029eb       0x20 obj\release\src\modules\delays.o
 .debug_loc     0x00002a0b      0x188 obj\release\src\modules\flash.o
 .debug_loc     0x00002b93      0x632 obj\release\src\modules\hd44780_driver.o
 .debug_loc     0x000031c5      0x111 obj\release\src\modules\i2c.o
 .debug_loc     0x000032d6       0x40 obj\release\src\modules\ioconfig.o
 .debug_loc     0x00003316       0xfd obj\release\src\modules\peltier.o
 .debug_loc     0x00003413       0x40 obj\release\src\modules\timers.o
 .debug_loc     0x00003453       0x35 obj\release\src\modules\uart.o
 .debug_loc     0x00003488      0x15d obj\release\src\system_stm32f10x.o

.debug_aranges  0x00000000      0x7a0
 .debug_aranges
                0x00000000       0xf8 obj\release\spl\src\stm32f10x_flash.o
 .debug_aranges
                0x000000f8       0xa8 obj\release\spl\src\stm32f10x_gpio.o
 .debug_aranges
                0x000001a0      0x120 obj\release\spl\src\stm32f10x_i2c.o
 .debug_aranges
                0x000002c0       0x48 obj\release\spl\src\stm32f10x_iwdg.o
 .debug_aranges
                0x00000308      0x120 obj\release\spl\src\stm32f10x_rcc.o
 .debug_aranges
                0x00000428       0x28 obj\release\src\main.o
 .debug_aranges
                0x00000450       0x38 obj\release\src\modules\lcd.o
 .debug_aranges
                0x00000488       0x38 obj\release\src\modules\bmp085.o
 .debug_aranges
                0x000004c0       0x50 obj\release\src\modules\buttons.o
 .debug_aranges
                0x00000510       0x20 obj\release\src\modules\dac.o
 .debug_aranges
                0x00000530       0x30 obj\release\src\modules\delays.o
 .debug_aranges
                0x00000560       0x40 obj\release\src\modules\flash.o
 .debug_aranges
                0x000005a0       0x60 obj\release\src\modules\hd44780_driver.o
 .debug_aranges
                0x00000600       0x38 obj\release\src\modules\i2c.o
 .debug_aranges
                0x00000638       0x38 obj\release\src\modules\ioconfig.o
 .debug_aranges
                0x00000670       0x20 obj\release\src\modules\peltier.o
 .debug_aranges
                0x00000690       0x68 obj\release\src\modules\stm32f10x_it.o
 .debug_aranges
                0x000006f8       0x38 obj\release\src\modules\timers.o
 .debug_aranges
                0x00000730       0x28 obj\release\src\modules\uart.o
 .debug_aranges
                0x00000758       0x20 obj\release\src\startup_stm32f10x_md_vl.o
 .debug_aranges
                0x00000778       0x28 obj\release\src\system_stm32f10x.o

.debug_ranges   0x00000000      0x788
 .debug_ranges  0x00000000      0x128 obj\release\spl\src\stm32f10x_flash.o
 .debug_ranges  0x00000128       0x98 obj\release\spl\src\stm32f10x_gpio.o
 .debug_ranges  0x000001c0      0x110 obj\release\spl\src\stm32f10x_i2c.o
 .debug_ranges  0x000002d0       0x38 obj\release\spl\src\stm32f10x_iwdg.o
 .debug_ranges  0x00000308      0x140 obj\release\spl\src\stm32f10x_rcc.o
 .debug_ranges  0x00000448       0x18 obj\release\src\main.o
 .debug_ranges  0x00000460       0x28 obj\release\src\modules\lcd.o
 .debug_ranges  0x00000488       0x28 obj\release\src\modules\bmp085.o
 .debug_ranges  0x000004b0       0x40 obj\release\src\modules\buttons.o
 .debug_ranges  0x000004f0       0x10 obj\release\src\modules\dac.o
 .debug_ranges  0x00000500       0x20 obj\release\src\modules\delays.o
 .debug_ranges  0x00000520       0x30 obj\release\src\modules\flash.o
 .debug_ranges  0x00000550       0x50 obj\release\src\modules\hd44780_driver.o
 .debug_ranges  0x000005a0       0x28 obj\release\src\modules\i2c.o
 .debug_ranges  0x000005c8       0x48 obj\release\src\modules\ioconfig.o
 .debug_ranges  0x00000610       0x28 obj\release\src\modules\peltier.o
 .debug_ranges  0x00000638       0x58 obj\release\src\modules\stm32f10x_it.o
 .debug_ranges  0x00000690       0x68 obj\release\src\modules\timers.o
 .debug_ranges  0x000006f8       0x18 obj\release\src\modules\uart.o
 .debug_ranges  0x00000710       0x78 obj\release\src\system_stm32f10x.o

.debug_line     0x00000000     0x35a9
 .debug_line    0x00000000      0x4ff obj\release\spl\src\stm32f10x_flash.o
 .debug_line    0x000004ff      0x3a5 obj\release\spl\src\stm32f10x_gpio.o
 .debug_line    0x000008a4      0x4b0 obj\release\spl\src\stm32f10x_i2c.o
 .debug_line    0x00000d54      0x1dd obj\release\spl\src\stm32f10x_iwdg.o
 .debug_line    0x00000f31      0x467 obj\release\spl\src\stm32f10x_rcc.o
 .debug_line    0x00001398      0x248 obj\release\src\main.o
 .debug_line    0x000015e0      0x2ad obj\release\src\modules\lcd.o
 .debug_line    0x0000188d      0x303 obj\release\src\modules\bmp085.o
 .debug_line    0x00001b90      0x241 obj\release\src\modules\buttons.o
 .debug_line    0x00001dd1      0x182 obj\release\src\modules\dac.o
 .debug_line    0x00001f53      0x19b obj\release\src\modules\delays.o
 .debug_line    0x000020ee      0x1e4 obj\release\src\modules\flash.o
 .debug_line    0x000022d2      0x2e3 obj\release\src\modules\hd44780_driver.o
 .debug_line    0x000025b5      0x269 obj\release\src\modules\i2c.o
 .debug_line    0x0000281e      0x252 obj\release\src\modules\ioconfig.o
 .debug_line    0x00002a70      0x200 obj\release\src\modules\peltier.o
 .debug_line    0x00002c70      0x201 obj\release\src\modules\stm32f10x_it.o
 .debug_line    0x00002e71      0x2f1 obj\release\src\modules\timers.o
 .debug_line    0x00003162      0x1ac obj\release\src\modules\uart.o
 .debug_line    0x0000330e       0xa9 obj\release\src\startup_stm32f10x_md_vl.o
 .debug_line    0x000033b7      0x1f2 obj\release\src\system_stm32f10x.o

.debug_str      0x00000000     0x1e9d
 .debug_str     0x00000000      0x4ed obj\release\spl\src\stm32f10x_flash.o
                                0x57c (size before relaxing)
 .debug_str     0x000004ed      0x374 obj\release\spl\src\stm32f10x_gpio.o
                                0x4c4 (size before relaxing)
 .debug_str     0x00000861      0x49b obj\release\spl\src\stm32f10x_i2c.o
                                0x623 (size before relaxing)
 .debug_str     0x00000cfc       0xb7 obj\release\spl\src\stm32f10x_iwdg.o
                                0x1f0 (size before relaxing)
 .debug_str     0x00000db3      0x3b5 obj\release\spl\src\stm32f10x_rcc.o
                                0x601 (size before relaxing)
 .debug_str     0x00001168       0xf9 obj\release\src\main.o
                                0x2c0 (size before relaxing)
 .debug_str     0x00001261       0xd1 obj\release\src\modules\lcd.o
                                0x239 (size before relaxing)
 .debug_str     0x00001332      0x1eb obj\release\src\modules\bmp085.o
                                0x362 (size before relaxing)
 .debug_str     0x0000151d      0x135 obj\release\src\modules\buttons.o
                                0x26f (size before relaxing)
 .debug_str     0x00001652       0x75 obj\release\src\modules\dac.o
                                0x1c3 (size before relaxing)
 .debug_str     0x000016c7       0x20 obj\release\src\modules\delays.o
                                0x129 (size before relaxing)
 .debug_str     0x000016e7       0x4d obj\release\src\modules\flash.o
                                0x21f (size before relaxing)
 .debug_str     0x00001734       0xd4 obj\release\src\modules\hd44780_driver.o
                                0x259 (size before relaxing)
 .debug_str     0x00001808       0x56 obj\release\src\modules\i2c.o
                                0x41a (size before relaxing)
 .debug_str     0x0000185e      0x303 obj\release\src\modules\ioconfig.o
                                0x54d (size before relaxing)
 .debug_str     0x00001b61       0x56 obj\release\src\modules\peltier.o
                                0x17a (size before relaxing)
 .debug_str     0x00001bb7       0xd0 obj\release\src\modules\stm32f10x_it.o
                                0x1ad (size before relaxing)
 .debug_str     0x00001c87      0x12c obj\release\src\modules\timers.o
                                0x6ea (size before relaxing)
 .debug_str     0x00001db3       0x32 obj\release\src\modules\uart.o
                                0x1e9 (size before relaxing)
 .debug_str     0x00001de5       0xb8 obj\release\src\system_stm32f10x.o
                                0x26b (size before relaxing)

.debug_frame    0x00000000      0xf3c
 .debug_frame   0x00000000      0x254 obj\release\spl\src\stm32f10x_flash.o
 .debug_frame   0x00000254      0x168 obj\release\spl\src\stm32f10x_gpio.o
 .debug_frame   0x000003bc      0x240 obj\release\spl\src\stm32f10x_i2c.o
 .debug_frame   0x000005fc       0x70 obj\release\spl\src\stm32f10x_iwdg.o
 .debug_frame   0x0000066c      0x22c obj\release\spl\src\stm32f10x_rcc.o
 .debug_frame   0x00000898       0x40 obj\release\src\main.o
 .debug_frame   0x000008d8       0x8c obj\release\src\modules\lcd.o
 .debug_frame   0x00000964       0x80 obj\release\src\modules\bmp085.o
 .debug_frame   0x000009e4       0xa8 obj\release\src\modules\buttons.o
 .debug_frame   0x00000a8c       0x20 obj\release\src\modules\dac.o
 .debug_frame   0x00000aac       0x40 obj\release\src\modules\delays.o
 .debug_frame   0x00000aec       0x80 obj\release\src\modules\flash.o
 .debug_frame   0x00000b6c       0xc8 obj\release\src\modules\hd44780_driver.o
 .debug_frame   0x00000c34       0x6c obj\release\src\modules\i2c.o
 .debug_frame   0x00000ca0       0x60 obj\release\src\modules\ioconfig.o
 .debug_frame   0x00000d00       0x30 obj\release\src\modules\peltier.o
 .debug_frame   0x00000d30       0xb0 obj\release\src\modules\stm32f10x_it.o
 .debug_frame   0x00000de0       0x64 obj\release\src\modules\timers.o
 .debug_frame   0x00000e44       0x30 obj\release\src\modules\uart.o
 .debug_frame   0x00000e74       0x34 obj\release\src\system_stm32f10x.o
 .debug_frame   0x00000ea8       0x28 d:/program files/emblocks/2.30/share/em_armgcc/bin/../lib/gcc/arm-none-eabi/4.7.3/../../../../arm-none-eabi/lib/armv7-m\libc_n.a(lib_a-exit.o)
 .debug_frame   0x00000ed0       0x2c d:/program files/emblocks/2.30/share/em_armgcc/bin/../lib/gcc/arm-none-eabi/4.7.3/../../../../arm-none-eabi/lib/armv7-m\libc_n.a(lib_a-init.o)
 .debug_frame   0x00000efc       0x20 d:/program files/emblocks/2.30/share/em_armgcc/bin/../lib/gcc/arm-none-eabi/4.7.3/../../../../arm-none-eabi/lib/armv7-m\libc_n.a(lib_a-memset.o)
 .debug_frame   0x00000f1c       0x20 d:/program files/emblocks/2.30/share/em_armgcc/bin/../lib/gcc/arm-none-eabi/4.7.3/../../../../arm-none-eabi/lib/armv7-m\libnosys.a(_exit.o)
