Archive member included because of file (symbol)

d:/program files/emblocks/2.30/share/em_armgcc/bin/../lib/gcc/arm-none-eabi/4.7.3/armv7-m\libgcc.a(_arm_addsubdf3.o)
                              obj\release\src\modules\sht1x.o (__aeabi_f2d)
d:/program files/emblocks/2.30/share/em_armgcc/bin/../lib/gcc/arm-none-eabi/4.7.3/armv7-m\libgcc.a(_arm_cmpdf2.o)
                              obj\release\src\modules\sht1x.o (__aeabi_dcmplt)
d:/program files/emblocks/2.30/share/em_armgcc/bin/../lib/gcc/arm-none-eabi/4.7.3/armv7-m\libgcc.a(_arm_addsubsf3.o)
                              obj\release\src\modules\sht1x.o (__aeabi_fsub)
d:/program files/emblocks/2.30/share/em_armgcc/bin/../lib/gcc/arm-none-eabi/4.7.3/armv7-m\libgcc.a(_arm_muldivsf3.o)
                              obj\release\src\modules\lcd.o (__aeabi_fmul)
d:/program files/emblocks/2.30/share/em_armgcc/bin/../lib/gcc/arm-none-eabi/4.7.3/armv7-m\libgcc.a(_arm_cmpsf2.o)
                              obj\release\src\modules\sht1x.o (__aeabi_fcmpgt)
d:/program files/emblocks/2.30/share/em_armgcc/bin/../lib/gcc/arm-none-eabi/4.7.3/armv7-m\libgcc.a(_arm_fixsfsi.o)
                              obj\release\src\modules\lcd.o (__aeabi_f2iz)
d:/program files/emblocks/2.30/share/em_armgcc/bin/../lib/gcc/arm-none-eabi/4.7.3/../../../../arm-none-eabi/lib/armv7-m\libc_n.a(lib_a-exit.o)
                              d:/program files/emblocks/2.30/share/em_armgcc/bin/../lib/gcc/arm-none-eabi/4.7.3/../../../../arm-none-eabi/lib/armv7-m/crt0.o (exit)
d:/program files/emblocks/2.30/share/em_armgcc/bin/../lib/gcc/arm-none-eabi/4.7.3/../../../../arm-none-eabi/lib/armv7-m\libc_n.a(lib_a-impure.o)
                              d:/program files/emblocks/2.30/share/em_armgcc/bin/../lib/gcc/arm-none-eabi/4.7.3/../../../../arm-none-eabi/lib/armv7-m\libc_n.a(lib_a-exit.o) (_global_impure_ptr)
d:/program files/emblocks/2.30/share/em_armgcc/bin/../lib/gcc/arm-none-eabi/4.7.3/../../../../arm-none-eabi/lib/armv7-m\libc_n.a(lib_a-init.o)
                              d:/program files/emblocks/2.30/share/em_armgcc/bin/../lib/gcc/arm-none-eabi/4.7.3/../../../../arm-none-eabi/lib/armv7-m/crt0.o (__libc_init_array)
d:/program files/emblocks/2.30/share/em_armgcc/bin/../lib/gcc/arm-none-eabi/4.7.3/../../../../arm-none-eabi/lib/armv7-m\libc_n.a(lib_a-memset.o)
                              d:/program files/emblocks/2.30/share/em_armgcc/bin/../lib/gcc/arm-none-eabi/4.7.3/../../../../arm-none-eabi/lib/armv7-m/crt0.o (memset)
d:/program files/emblocks/2.30/share/em_armgcc/bin/../lib/gcc/arm-none-eabi/4.7.3/../../../../arm-none-eabi/lib/armv7-m\libnosys.a(_exit.o)
                              d:/program files/emblocks/2.30/share/em_armgcc/bin/../lib/gcc/arm-none-eabi/4.7.3/../../../../arm-none-eabi/lib/armv7-m\libc_n.a(lib_a-exit.o) (_exit)

Allocating common symbols
Common symbol       size              file

p                   0x4               obj\release\src\modules\bmp085.o
b2                  0x2               obj\release\src\modules\bmp085.o
mb                  0x2               obj\release\src\modules\bmp085.o
bmp085              0x24              obj\release\src\modules\bmp085.o
ac1                 0x2               obj\release\src\modules\bmp085.o
b1                  0x2               obj\release\src\modules\bmp085.o
ac6                 0x2               obj\release\src\modules\bmp085.o
Temp                0x2               obj\release\src\modules\timers.o
ac5                 0x2               obj\release\src\modules\bmp085.o
ac2                 0x2               obj\release\src\modules\bmp085.o
Hum                 0x2               obj\release\src\modules\timers.o
b4                  0x4               obj\release\src\modules\bmp085.o
x2                  0x4               obj\release\src\modules\bmp085.o
CalculatedTemp      0x4               obj\release\src\modules\timers.o
md                  0x2               obj\release\src\modules\bmp085.o
ac4                 0x2               obj\release\src\modules\bmp085.o
b7                  0x4               obj\release\src\modules\bmp085.o
mc                  0x2               obj\release\src\modules\bmp085.o
pressureAlt         0x4               obj\release\src\modules\bmp085.o
Crc                 0x1               obj\release\src\modules\timers.o
uncompensatedTemperature
                    0x4               obj\release\src\modules\bmp085.o
CalculatedHum       0x4               obj\release\src\modules\timers.o
pressureAverage     0x4               obj\release\src\modules\bmp085.o
pressureSum         0x4               obj\release\src\modules\bmp085.o
b5                  0x4               obj\release\src\modules\bmp085.o
x3                  0x4               obj\release\src\modules\bmp085.o
x1                  0x4               obj\release\src\modules\bmp085.o
b3                  0x4               obj\release\src\modules\bmp085.o
b6                  0x4               obj\release\src\modules\bmp085.o
uncompensatedPressure
[...]
Memory Configuration

Name             Origin             Length             Attributes
ROM              0x08000000         0x00010000         xr
RAM              0x20000000         0x00002000         xrw
*default*        0x00000000         0xffffffff

Linker script and memory map

LOAD d:/program files/emblocks/2.30/share/em_armgcc/bin/../lib/gcc/arm-none-eabi/4.7.3/armv7-m/crti.o
LOAD d:/program files/emblocks/2.30/share/em_armgcc/bin/../lib/gcc/arm-none-eabi/4.7.3/armv7-m/crtbegin.o
LOAD d:/program files/emblocks/2.30/share/em_armgcc/bin/../lib/gcc/arm-none-eabi/4.7.3/../../../../arm-none-eabi/lib/armv7-m/crt0.o
                0x00000100                __HEAP_SIZE = 0x100
                0x00000100                __STACK_SIZE = 0x100

.text           0x08000000     0x176c
 *(.isr_vector)
 .isr_vector    0x08000000      0x120 obj\release\src\startup_stm32f10x_md_vl.o
                0x08000000                __isr_vector
 *(.text*)
 .text          0x08000120       0x54 d:/program files/emblocks/2.30/share/em_armgcc/bin/../lib/gcc/arm-none-eabi/4.7.3/armv7-m/crtbegin.o
 .text          0x08000174       0x74 d:/program files/emblocks/2.30/share/em_armgcc/bin/../lib/gcc/arm-none-eabi/4.7.3/../../../../arm-none-eabi/lib/armv7-m/crt0.o
                0x08000174                _start
                0x08000174                _mainCRTStartup
 .text.FLASH_Unlock
                0x080001e8       0x20 obj\release\spl\src\stm32f10x_flash.o
                0x080001e8                FLASH_Unlock
 .text.FLASH_Lock
                0x08000208       0x14 obj\release\spl\src\stm32f10x_flash.o
                0x08000208                FLASH_Lock
 .text.FLASH_ClearFlag
                0x0800021c        0xc obj\release\spl\src\stm32f10x_flash.o
                0x0800021c                FLASH_ClearFlag
 .text.FLASH_GetBank1Status
                0x08000228       0x2c obj\release\spl\src\stm32f10x_flash.o
                0x08000228                FLASH_GetBank1Status
 .text.FLASH_WaitForLastOperation
                0x08000254       0x38 obj\release\spl\src\stm32f10x_flash.o
                0x08000254                FLASH_WaitForLastOperation
 .text.FLASH_ProgramHalfWord
                0x0800028c       0x3c obj\release\spl\src\stm32f10x_flash.o
                0x0800028c                FLASH_ProgramHalfWord
 .text.FLASH_ErasePage
                0x080002c8       0x40 obj\release\spl\src\stm32f10x_flash.o
                0x080002c8                FLASH_ErasePage
 .text.RCC_APB2PeriphClockCmd
                0x08000308       0x1c obj\release\spl\src\stm32f10x_rcc.o
                0x08000308                RCC_APB2PeriphClockCmd
 .text.startup.main
                0x08000324      0x108 obj\release\src\main.o
                0x08000324                main
 .text.ConfigureLCD
                0x0800042c       0x70 obj\release\src\modules\lcd.o
                0x0800042c                ConfigureLCD
 .text.DisplayTemperature
                0x0800049c       0xcc obj\release\src\modules\lcd.o
                0x0800049c                DisplayTemperature
 .text.EXTI0_IRQHandler
                0x08000568       0x3c obj\release\src\modules\buttons.o
                0x08000568                EXTI0_IRQHandler
 .text.EXTI1_IRQHandler
                0x080005a4       0x20 obj\release\src\modules\buttons.o
                0x080005a4                EXTI1_IRQHandler
 .text.EXTI2_IRQHandler
                0x080005c4       0x44 obj\release\src\modules\buttons.o
                0x080005c4                EXTI2_IRQHandler
 .text.EXTI3_IRQHandler
                0x08000608       0x3c obj\release\src\modules\buttons.o
                0x08000608                EXTI3_IRQHandler
 .text.EXTI4_IRQHandler
                0x08000644       0x28 obj\release\src\modules\buttons.o
                0x08000644                EXTI4_IRQHandler
 .text.TestPlusButton
                0x0800066c       0x5c obj\release\src\modules\buttons.o
                0x0800066c                TestPlusButton
 .text.TestMinusButton
                0x080006c8       0x5c obj\release\src\modules\buttons.o
                0x080006c8                TestMinusButton
 .text.ConfigureDAC1
                0x08000724       0x30 obj\release\src\modules\dac.o
                0x08000724                ConfigureDAC1
 .text.delay_1s
                0x08000754        0x4 obj\release\src\modules\delays.o
                0x08000754                delay_1s
 .text.delay_ms
                0x08000758        0x4 obj\release\src\modules\delays.o
                0x08000758                delay_ms
 .text.ds_reset_pulse
                0x0800075c       0x60 obj\release\src\modules\ds18b20.o
                0x0800075c                ds_reset_pulse
 .text.ds_write_bit
                0x080007bc       0x40 obj\release\src\modules\ds18b20.o
                0x080007bc                ds_write_bit
 .text.ds_read_bit
                0x080007fc       0x40 obj\release\src\modules\ds18b20.o
                0x080007fc                ds_read_bit
 .text.ds_write_byte
                0x0800083c       0x20 obj\release\src\modules\ds18b20.o
                0x0800083c                ds_write_byte
 .text.ds_start_convert_single
                0x0800085c       0x3c obj\release\src\modules\ds18b20.o
                0x0800085c                ds_start_convert_single
 .text.ds_read_byte
                0x08000898       0x24 obj\release\src\modules\ds18b20.o
                0x08000898                ds_read_byte
 .text.ds_read_data_single
                0x080008bc       0xa0 obj\release\src\modules\ds18b20.o
                0x080008bc                ds_read_data_single
 .text.ds_read_temperature
                0x0800095c       0x64 obj\release\src\modules\ds18b20.o
                0x0800095c                ds_read_temperature
 .text.FLASH_WriteInts
                0x080009c0       0x3c obj\release\src\modules\flash.o
                0x080009c0                FLASH_WriteInts
 .text.GetTmin  0x080009fc       0x10 obj\release\src\modules\flash.o
                0x080009fc                GetTmin
 .text.GetTmax  0x08000a0c       0x10 obj\release\src\modules\flash.o
                0x08000a0c                GetTmax
 .text.lcd_set_4bit_mode
                0x08000a1c      0x104 obj\release\src\modules\hd44780_driver.o
                0x08000a1c                lcd_set_4bit_mode
 .text.lcd_send
                0x08000b20      0x15c obj\release\src\modules\hd44780_driver.o
                0x08000b20                lcd_send
 .text.lcd_clear
                0x08000c7c        0x8 obj\release\src\modules\hd44780_driver.o
                0x08000c7c                lcd_clear
 .text.lcd_out  0x08000c84       0x18 obj\release\src\modules\hd44780_driver.o
                0x08000c84                lcd_out
 .text.lcd_set_xy
                0x08000c9c       0x14 obj\release\src\modules\hd44780_driver.o
                0x08000c9c                lcd_set_xy
 .text.lcd_set_user_char
                0x08000cb0       0x30 obj\release\src\modules\hd44780_driver.o
                0x08000cb0                lcd_set_user_char
 .text.lcd_init
                0x08000ce0       0x8c obj\release\src\modules\hd44780_driver.o
                0x08000ce0                lcd_init
 .text.ButtonConf
                0x08000d6c       0x7c obj\release\src\modules\ioconfig.o
                0x08000d6c                ButtonConf
 .text.PortCConf
                0x08000de8       0x2c obj\release\src\modules\ioconfig.o
                0x08000de8                PortCConf
 .text.PortBConf
                0x08000e14      0x17c obj\release\src\modules\ioconfig.o
                0x08000e14                PortBConf
 .text.PortAConf
                0x08000f90       0x7c obj\release\src\modules\ioconfig.o
                0x08000f90                PortAConf
 .text.ControlPeltier
                0x0800100c      0x148 obj\release\src\modules\peltier.o
                0x0800100c                ControlPeltier
 .text.NMI_Handler
                0x08001154        0x4 obj\release\src\modules\stm32f10x_it.o
                0x08001154                NMI_Handler
 .text.HardFault_Handler
                0x08001158        0x4 obj\release\src\modules\stm32f10x_it.o
                0x08001158                HardFault_Handler
 .text.MemManage_Handler
                0x0800115c        0x4 obj\release\src\modules\stm32f10x_it.o
                0x0800115c                MemManage_Handler
 .text.BusFault_Handler
                0x08001160        0x4 obj\release\src\modules\stm32f10x_it.o
                0x08001160                BusFault_Handler
 .text.UsageFault_Handler
                0x08001164        0x4 obj\release\src\modules\stm32f10x_it.o
                0x08001164                UsageFault_Handler
 .text.SVC_Handler
                0x08001168        0x4 obj\release\src\modules\stm32f10x_it.o
                0x08001168                SVC_Handler
 .text.DebugMon_Handler
                0x0800116c        0x4 obj\release\src\modules\stm32f10x_it.o
                0x0800116c                DebugMon_Handler
 .text.PendSV_Handler
                0x08001170        0x4 obj\release\src\modules\stm32f10x_it.o
                0x08001170                PendSV_Handler
 .text.SysTick_Handler
                0x08001174        0x4 obj\release\src\modules\stm32f10x_it.o
                0x08001174                SysTick_Handler
 .text.TIM2_init
                0x08001178       0xa0 obj\release\src\modules\timers.o
                0x08001178                TIM2_init
 .text.TIM3_init
                0x08001218       0x28 obj\release\src\modules\timers.o
                0x08001218                TIM3_init
 .text.TIM4_init
                0x08001240       0x2c obj\release\src\modules\timers.o
                0x08001240                TIM4_init
 .text.TIM3_IRQHandler
                0x0800126c       0x28 obj\release\src\modules\timers.o
                0x0800126c                TIM3_IRQHandler
 .text.TIM2_IRQHandler
                0x08001294      0x1ec obj\release\src\modules\timers.o
                0x08001294                TIM2_IRQHandler
 .text.Init_UART1
                0x08001480       0x70 obj\release\src\modules\uart.o
                0x08001480                Init_UART1
 .text          0x080014f0       0xb4 obj\release\src\startup_stm32f10x_md_vl.o
                0x080014f0                Reset_Handler
                0x08001548                Default_Handler
                0x0800154a                WWDG_IRQHandler
                0x0800154c                PVD_IRQHandler
                0x0800154e                TAMPER_IRQHandler
                0x08001550                RTC_IRQHandler
                0x08001552                FLASH_IRQHandler
                0x08001554                RCC_IRQHandler
                0x08001560                DMA1_Channel1_IRQHandler
                0x08001562                DMA1_Channel2_IRQHandler
                0x08001564                DMA1_Channel3_IRQHandler
                0x08001566                DMA1_Channel4_IRQHandler
                0x08001568                DMA1_Channel5_IRQHandler
                0x0800156a                DMA1_Channel6_IRQHandler
                0x0800156c                DMA1_Channel7_IRQHandler
                0x0800156e                ADC1_IRQHandler
                0x08001570                EXTI9_5_IRQHandler
                0x08001572                TIM1_BRK_TIM15_IRQHandler
                0x08001574                TIM1_UP_TIM16_IRQHandler
                0x08001576                TIM1_TRG_COM_TIM17_IRQHandler
                0x08001578                TIM1_CC_IRQHandler
                0x0800157e                TIM4_IRQHandler
                0x08001580                I2C1_EV_IRQHandler
                0x08001582                I2C1_ER_IRQHandler
                0x08001584                I2C2_EV_IRQHandler
                0x08001586                I2C2_ER_IRQHandler
                0x08001588                SPI1_IRQHandler
                0x0800158a                SPI2_IRQHandler
                0x0800158c                USART1_IRQHandler
                0x0800158e                USART2_IRQHandler
                0x08001590                USART3_IRQHandler
                0x08001592                EXTI15_10_IRQHandler
                0x08001594                RTCAlarm_IRQHandler
                0x08001596                CEC_IRQHandler
                0x08001598                TIM6_DAC_IRQHandler
                0x0800159a                TIM7_IRQHandler
 .text.SystemInit
                0x080015a4       0xfc obj\release\src\system_stm32f10x.o
                0x080015a4                SystemInit
 .text.exit     0x080016a0       0x28 d:/program files/emblocks/2.30/share/em_armgcc/bin/../lib/gcc/arm-none-eabi/4.7.3/../../../../arm-none-eabi/lib/armv7-m\libc_n.a(lib_a-exit.o)
                0x080016a0                exit
 .text.__libc_init_array
                0x080016c8       0x4c d:/program files/emblocks/2.30/share/em_armgcc/bin/../lib/gcc/arm-none-eabi/4.7.3/../../../../arm-none-eabi/lib/armv7-m\libc_n.a(lib_a-init.o)
                0x080016c8                __libc_init_array
 .text.memset   0x08001714       0x10 d:/program files/emblocks/2.30/share/em_armgcc/bin/../lib/gcc/arm-none-eabi/4.7.3/../../../../arm-none-eabi/lib/armv7-m\libc_n.a(lib_a-memset.o)
                0x08001714                memset
 .text._exit    0x08001724        0x4 d:/program files/emblocks/2.30/share/em_armgcc/bin/../lib/gcc/arm-none-eabi/4.7.3/../../../../arm-none-eabi/lib/armv7-m\libnosys.a(_exit.o)
                0x08001724                _exit
 *(.init)
 .init          0x08001728        0x4 d:/program files/emblocks/2.30/share/em_armgcc/bin/../lib/gcc/arm-none-eabi/4.7.3/armv7-m/crti.o
                0x08001728                _init
 .init          0x0800172c        0x8 d:/program files/emblocks/2.30/share/em_armgcc/bin/../lib/gcc/arm-none-eabi/4.7.3/armv7-m/crtn.o
 *(.fini)
 .fini          0x08001734        0x4 d:/program files/emblocks/2.30/share/em_armgcc/bin/../lib/gcc/arm-none-eabi/4.7.3/armv7-m/crti.o
                0x08001734                _fini
 .fini          0x08001738        0x8 d:/program files/emblocks/2.30/share/em_armgcc/bin/../lib/gcc/arm-none-eabi/4.7.3/armv7-m/crtn.o
 *crtbegin.o(.ctors)
 *crtbegin?.o(.ctors)
 *(EXCLUDE_FILE(*crtend.o *crtend?.o) .ctors)
 *(SORT(.ctors.*))
 *(.ctors)
 *crtbegin.o(.dtors)
 *crtbegin?.o(.dtors)
 *(EXCLUDE_FILE(*crtend.o *crtend?.o) .dtors)
 *(SORT(.dtors.*))
 *(.dtors)
 *(.rodata*)
 .rodata.str1.4
                0x08001740       0x18 obj\release\src\modules\peltier.o
 .rodata.str1.4
                0x08001758        0x8 obj\release\src\modules\timers.o
 .rodata.str1.1
                0x08001760        0x2 d:/program files/emblocks/2.30/share/em_armgcc/bin/../lib/gcc/arm-none-eabi/4.7.3/../../../../arm-none-eabi/lib/armv7-m\libc_n.a(lib_a-impure.o)
 *fill*         0x08001762        0x2 
 .rodata._global_impure_ptr
                0x08001764        0x4 d:/program files/emblocks/2.30/share/em_armgcc/bin/../lib/gcc/arm-none-eabi/4.7.3/../../../../arm-none-eabi/lib/armv7-m\libc_n.a(lib_a-impure.o)
                0x08001764                _global_impure_ptr
 *(.eh_frame*)
 .eh_frame      0x08001768        0x0 d:/program files/emblocks/2.30/share/em_armgcc/bin/../lib/gcc/arm-none-eabi/4.7.3/armv7-m/crtbegin.o
 .eh_frame      0x08001768        0x4 d:/program files/emblocks/2.30/share/em_armgcc/bin/../lib/gcc/arm-none-eabi/4.7.3/armv7-m/crtend.o

.glue_7         0x0800176c        0x0
 .glue_7        0x00000000        0x0 linker stubs

.glue_7t        0x0800176c        0x0
 .glue_7t       0x00000000        0x0 linker stubs

.vfp11_veneer   0x0800176c        0x0
 .vfp11_veneer  0x00000000        0x0 linker stubs

.v4_bx          0x0800176c        0x0
 .v4_bx         0x00000000        0x0 linker stubs

.iplt           0x0800176c        0x0
 .iplt          0x00000000        0x0 d:/program files/emblocks/2.30/share/em_armgcc/bin/../lib/gcc/arm-none-eabi/4.7.3/armv7-m/crtbegin.o

.ARM.extab
 *(.ARM.extab* .gnu.linkonce.armextab.*)
                0x0800176c                __exidx_start = .

.ARM.exidx      0x0800176c        0x8
 *(.ARM.exidx* .gnu.linkonce.armexidx.*)
 .ARM.exidx     0x0800176c        0x8 d:/program files/emblocks/2.30/share/em_armgcc/bin/../lib/gcc/arm-none-eabi/4.7.3/../../../../arm-none-eabi/lib/armv7-m/crt0.o
                0x08001774                __exidx_end = .
                0x08001774                __etext = .

.rel.dyn        0x08001774        0x0
 .rel.iplt      0x00000000        0x0 d:/program files/emblocks/2.30/share/em_armgcc/bin/../lib/gcc/arm-none-eabi/4.7.3/armv7-m/crtbegin.o

.data           0x20000000       0xb0 load address 0x08001774
                0x20000000                __data_start__ = .
 *(vtable)
 *(.data*)
 .data.Char_0   0x20000000        0x8 obj\release\src\modules\lcd.o
                0x20000000                Char_0
 .data.Char_1   0x20000008        0x8 obj\release\src\modules\lcd.o
                0x20000008                Char_1
 .data.Char_2   0x20000010        0x8 obj\release\src\modules\lcd.o
                0x20000010                Char_2
 .data.Char_3   0x20000018        0x8 obj\release\src\modules\lcd.o
                0x20000018                Char_3
 .data.Char_4   0x20000020        0x8 obj\release\src\modules\lcd.o
                0x20000020                Char_4
 .data.Char_5   0x20000028        0x8 obj\release\src\modules\lcd.o
                0x20000028                Char_5
 .data.Char_6   0x20000030        0x8 obj\release\src\modules\lcd.o
                0x20000030                Char_6
 .data.PressedDelay.6632
                0x20000038        0x1 obj\release\src\modules\buttons.o
 .data.PressedDelay.6638
                0x20000039        0x1 obj\release\src\modules\buttons.o
 .data.PinNumb  0x2000003a        0x1 obj\release\src\modules\ds18b20.o
                0x2000003a                PinNumb
 *fill*         0x2000003b        0x1 
 .data.PORT     0x2000003c        0x4 obj\release\src\modules\ds18b20.o
                0x2000003c                PORT
 .data.TIMER    0x20000040        0x4 obj\release\src\modules\ds18b20.o
                0x20000040                TIMER
 .data.Temper   0x20000044        0x2 obj\release\src\modules\ds18b20.o
                0x20000044                Temper
 *fill*         0x20000046        0x2 
 .data.impure_data
                0x20000048       0x60 d:/program files/emblocks/2.30/share/em_armgcc/bin/../lib/gcc/arm-none-eabi/4.7.3/../../../../arm-none-eabi/lib/armv7-m\libc_n.a(lib_a-impure.o)
                0x200000a8                . = ALIGN (0x4)
                0x200000a8                PROVIDE (__preinit_array_start, .)
 *(.preinit_array)
                0x200000a8                PROVIDE (__preinit_array_end, .)
                0x200000a8                . = ALIGN (0x4)
                0x200000a8                PROVIDE (__init_array_start, .)
 *(SORT(.init_array.*))
 *(.init_array)
 .init_array    0x200000a8        0x4 d:/program files/emblocks/2.30/share/em_armgcc/bin/../lib/gcc/arm-none-eabi/4.7.3/armv7-m/crtbegin.o
                0x200000ac                PROVIDE (__init_array_end, .)
                0x200000ac                . = ALIGN (0x4)
                0x200000ac                PROVIDE (__fini_array_start, .)
 *(SORT(.fini_array.*))
 *(.fini_array)
 .fini_array    0x200000ac        0x4 d:/program files/emblocks/2.30/share/em_armgcc/bin/../lib/gcc/arm-none-eabi/4.7.3/armv7-m/crtbegin.o
                0x200000b0                PROVIDE (__fini_array_end, .)
                0x200000b0                . = ALIGN (0x4)
                0x200000b0                __data_end__ = .

.jcr            0x200000b0        0x0 load address 0x08001824
 .jcr           0x200000b0        0x0 d:/program files/emblocks/2.30/share/em_armgcc/bin/../lib/gcc/arm-none-eabi/4.7.3/armv7-m/crtbegin.o

.igot.plt       0x200000b0        0x0 load address 0x08001824
 .igot.plt      0x00000000        0x0 d:/program files/emblocks/2.30/share/em_armgcc/bin/../lib/gcc/arm-none-eabi/4.7.3/armv7-m/crtbegin.o

.bss            0x200000b0       0x50 load address 0x08001824
                0x200000b0                __bss_start__ = .
 *(.bss*)
 .bss           0x200000b0       0x1c d:/program files/emblocks/2.30/share/em_armgcc/bin/../lib/gcc/arm-none-eabi/4.7.3/armv7-m/crtbegin.o
 .bss.DispString
                0x200000cc       0x14 obj\release\src\modules\lcd.o
                0x200000cc                DispString
 .bss.temperature
                0x200000e0        0x4 obj\release\src\modules\lcd.o
                0x200000e0                temperature
 .bss.Button2Down
                0x200000e4        0x1 obj\release\src\modules\buttons.o
                0x200000e4                Button2Down
 .bss.Button3Down
                0x200000e5        0x1 obj\release\src\modules\buttons.o
                0x200000e5                Button3Down
 .bss.InsideCounter.6626
                0x200000e6        0x1 obj\release\src\modules\buttons.o
 .bss.FlagCount.6633
                0x200000e7        0x1 obj\release\src\modules\buttons.o
 .bss.InsideCounter.6612
                0x200000e8        0x1 obj\release\src\modules\buttons.o
 .bss.InsideCounter.6608
                0x200000e9        0x1 obj\release\src\modules\buttons.o
 .bss.Button4Down
                0x200000ea        0x1 obj\release\src\modules\buttons.o
                0x200000ea                Button4Down
 .bss.Button3Up
                0x200000eb        0x1 obj\release\src\modules\buttons.o
                0x200000eb                Button3Up
 .bss.InsideCounter.6616
                0x200000ec        0x1 obj\release\src\modules\buttons.o
 .bss.InsideCounter.6622
                0x200000ed        0x1 obj\release\src\modules\buttons.o
 .bss.Button2Up
                0x200000ee        0x1 obj\release\src\modules\buttons.o
                0x200000ee                Button2Up
 .bss.Button4Up
                0x200000ef        0x1 obj\release\src\modules\buttons.o
                0x200000ef                Button4Up
 .bss.FlagCount.6639
                0x200000f0        0x1 obj\release\src\modules\buttons.o
 .bss.Curse     0x200000f1        0x1 obj\release\src\modules\peltier.o
                0x200000f1                Curse
 .bss.DoStep.6616
                0x200000f2        0x1 obj\release\src\modules\peltier.o
 .bss.OldCurse.6615
                0x200000f3        0x1 obj\release\src\modules\peltier.o
 .bss.InternalCounter.6813
                0x200000f4        0x2 obj\release\src\modules\timers.o
 .bss.SetCondition.6812
                0x200000f6        0x1 obj\release\src\modules\timers.o
 *fill*         0x200000f7        0x1 
 .bss.InsideCounter.6808
                0x200000f8        0x2 obj\release\src\modules\timers.o
 *(COMMON)
 *fill*         0x200000fa        0x2 
 COMMON         0x200000fc        0x4 obj\release\src\main.o
                0x200000fc                TempsLimits
                0x20000100                __bss_end__ = .

.heap           0x20000100      0x100
                0x20000100                __end__ = .
                0x20000100                end = __end__
 *(.heap*)
 .heap          0x20000100      0x100 obj\release\src\startup_stm32f10x_md_vl.o
                0x20000100                __HeapBase
                0x20000200                __HeapLimit = .

.stack_dummy    0x20000100      0x100
 *(.stack)
 .stack         0x20000100      0x100 obj\release\src\startup_stm32f10x_md_vl.o
                0x20002000                __StackTop = (ORIGIN (RAM) + 0x2000)
                0x20001f00                __StackLimit = (__StackTop - SIZEOF (.stack_dummy))
                0x20002000                PROVIDE (__stack, __StackTop)
                0x00000001                ASSERT ((__StackLimit >= __HeapLimit), region RAM overflowed with stack)
LOAD obj\release\spl\src\misc.o
LOAD obj\release\spl\src\stm32f10x_adc.o
LOAD obj\release\spl\src\stm32f10x_bkp.o
LOAD obj\release\spl\src\stm32f10x_can.o
LOAD obj\release\spl\src\stm32f10x_cec.o
LOAD obj\release\spl\src\stm32f10x_crc.o
LOAD obj\release\spl\src\stm32f10x_dac.o
LOAD obj\release\spl\src\stm32f10x_dbgmcu.o
LOAD obj\release\spl\src\stm32f10x_dma.o
LOAD obj\release\spl\src\stm32f10x_exti.o
LOAD obj\release\spl\src\stm32f10x_flash.o
LOAD obj\release\spl\src\stm32f10x_fsmc.o
LOAD obj\release\spl\src\stm32f10x_gpio.o
LOAD obj\release\spl\src\stm32f10x_i2c.o
LOAD obj\release\spl\src\stm32f10x_iwdg.o
LOAD obj\release\spl\src\stm32f10x_pwr.o
LOAD obj\release\spl\src\stm32f10x_rcc.o
LOAD obj\release\spl\src\stm32f10x_rtc.o
LOAD obj\release\spl\src\stm32f10x_sdio.o
LOAD obj\release\spl\src\stm32f10x_spi.o
LOAD obj\release\spl\src\stm32f10x_tim.o
LOAD obj\release\spl\src\stm32f10x_usart.o
LOAD obj\release\spl\src\stm32f10x_wwdg.o
LOAD obj\release\src\main.o
LOAD obj\release\src\modules\lcd.o
LOAD obj\release\src\modules\bmp085.o
LOAD obj\release\src\modules\buttons.o
LOAD obj\release\src\modules\calculations.o
LOAD obj\release\src\modules\clock_calendar.o
LOAD obj\release\src\modules\dac.o
LOAD obj\release\src\modules\delays.o
LOAD obj\release\src\modules\ds18b20.o
LOAD obj\release\src\modules\flash.o
LOAD obj\release\src\modules\gpio_emcu.o
LOAD obj\release\src\modules\hd44780_driver.o
LOAD obj\release\src\modules\hd44780_emcu.o
LOAD obj\release\src\modules\i2c.o
LOAD obj\release\src\modules\ioconfig.o
LOAD obj\release\src\modules\peltier.o
LOAD obj\release\src\modules\sht1x.o
LOAD obj\release\src\modules\stm32f10x_it.o
LOAD obj\release\src\modules\timers.o
LOAD obj\release\src\modules\uart.o
LOAD obj\release\src\startup_stm32f10x_md_vl.o
LOAD obj\release\src\system_stm32f10x.o
START GROUP
LOAD d:/program files/emblocks/2.30/share/em_armgcc/bin/../lib/gcc/arm-none-eabi/4.7.3/armv7-m\libgcc.a
LOAD d:/program files/emblocks/2.30/share/em_armgcc/bin/../lib/gcc/arm-none-eabi/4.7.3/../../../../arm-none-eabi/lib/armv7-m\libc_n.a
LOAD d:/program files/emblocks/2.30/share/em_armgcc/bin/../lib/gcc/arm-none-eabi/4.7.3/../../../../arm-none-eabi/lib/armv7-m\libg_n.a
LOAD d:/program files/emblocks/2.30/share/em_armgcc/bin/../lib/gcc/arm-none-eabi/4.7.3/../../../../arm-none-eabi/lib/armv7-m\libnosys.a
END GROUP
LOAD d:/program files/emblocks/2.30/share/em_armgcc/bin/../lib/gcc/arm-none-eabi/4.7.3/armv7-m/crtend.o
LOAD d:/program files/emblocks/2.30/share/em_armgcc/bin/../lib/gcc/arm-none-eabi/4.7.3/armv7-m/crtn.o
OUTPUT(bin\Release\PELTIER_dr.elf elf32-littlearm)

.ARM.attributes
                0x00000000       0x29
 .ARM.attributes
                0x00000000       0x1d d:/program files/emblocks/2.30/share/em_armgcc/bin/../lib/gcc/arm-none-eabi/4.7.3/armv7-m/crti.o
 .ARM.attributes
                0x0000001d       0x2d d:/program files/emblocks/2.30/share/em_armgcc/bin/../lib/gcc/arm-none-eabi/4.7.3/armv7-m/crtbegin.o
 .ARM.attributes
                0x0000004a       0x1b d:/program files/emblocks/2.30/share/em_armgcc/bin/../lib/gcc/arm-none-eabi/4.7.3/../../../../arm-none-eabi/lib/armv7-m/crt0.o
 .ARM.attributes
                0x00000065       0x33 obj\release\spl\src\stm32f10x_flash.o
 .ARM.attributes
                0x00000098       0x33 obj\release\spl\src\stm32f10x_rcc.o
 .ARM.attributes
                0x000000cb       0x33 obj\release\src\main.o
 .ARM.attributes
                0x000000fe       0x33 obj\release\src\modules\lcd.o
 .ARM.attributes
                0x00000131       0x33 obj\release\src\modules\buttons.o
 .ARM.attributes
                0x00000164       0x33 obj\release\src\modules\dac.o
 .ARM.attributes
                0x00000197       0x33 obj\release\src\modules\delays.o
 .ARM.attributes
                0x000001ca       0x33 obj\release\src\modules\ds18b20.o
 .ARM.attributes
                0x000001fd       0x33 obj\release\src\modules\flash.o
 .ARM.attributes
                0x00000230       0x33 obj\release\src\modules\hd44780_driver.o
 .ARM.attributes
                0x00000263       0x33 obj\release\src\modules\ioconfig.o
 .ARM.attributes
                0x00000296       0x33 obj\release\src\modules\peltier.o
 .ARM.attributes
                0x000002c9       0x33 obj\release\src\modules\stm32f10x_it.o
 .ARM.attributes
                0x000002fc       0x33 obj\release\src\modules\timers.o
 .ARM.attributes
                0x0000032f       0x33 obj\release\src\modules\uart.o
 .ARM.attributes
                0x00000362       0x1b obj\release\src\startup_stm32f10x_md_vl.o
 .ARM.attributes
                0x0000037d       0x33 obj\release\src\system_stm32f10x.o
 .ARM.attributes
                0x000003b0       0x2d d:/program files/emblocks/2.30/share/em_armgcc/bin/../lib/gcc/arm-none-eabi/4.7.3/../../../../arm-none-eabi/lib/armv7-m\libc_n.a(lib_a-exit.o)
 .ARM.attributes
                0x000003dd       0x2d d:/program files/emblocks/2.30/share/em_armgcc/bin/../lib/gcc/arm-none-eabi/4.7.3/../../../../arm-none-eabi/lib/armv7-m\libc_n.a(lib_a-impure.o)
 .ARM.attributes
                0x0000040a       0x2d d:/program files/emblocks/2.30/share/em_armgcc/bin/../lib/gcc/arm-none-eabi/4.7.3/../../../../arm-none-eabi/lib/armv7-m\libc_n.a(lib_a-init.o)
 .ARM.attributes
                0x00000437       0x2d d:/program files/emblocks/2.30/share/em_armgcc/bin/../lib/gcc/arm-none-eabi/4.7.3/../../../../arm-none-eabi/lib/armv7-m\libc_n.a(lib_a-memset.o)
 .ARM.attributes
                0x00000464       0x2d d:/program files/emblocks/2.30/share/em_armgcc/bin/../lib/gcc/arm-none-eabi/4.7.3/../../../../arm-none-eabi/lib/armv7-m\libnosys.a(_exit.o)
 .ARM.attributes
                0x00000491       0x2d d:/program files/emblocks/2.30/share/em_armgcc/bin/../lib/gcc/arm-none-eabi/4.7.3/armv7-m/crtend.o
 .ARM.attributes
                0x000004be       0x1d d:/program files/emblocks/2.30/share/em_armgcc/bin/../lib/gcc/arm-none-eabi/4.7.3/armv7-m/crtn.o

.comment        0x00000000       0x38
 .comment       0x00000000       0x38 obj\release\spl\src\stm32f10x_flash.o
                                 0x39 (size before relaxing)
 .comment       0x00000000       0x39 obj\release\spl\src\stm32f10x_rcc.o
 .comment       0x00000000       0x39 obj\release\src\main.o
 .comment       0x00000000       0x39 obj\release\src\modules\lcd.o
 .comment       0x00000000       0x39 obj\release\src\modules\buttons.o
 .comment       0x00000000       0x39 obj\release\src\modules\dac.o
 .comment       0x00000000       0x39 obj\release\src\modules\delays.o
 .comment       0x00000000       0x39 obj\release\src\modules\ds18b20.o
 .comment       0x00000000       0x39 obj\release\src\modules\flash.o
 .comment       0x00000000       0x39 obj\release\src\modules\hd44780_driver.o
 .comment       0x00000000       0x39 obj\release\src\modules\ioconfig.o
 .comment       0x00000000       0x39 obj\release\src\modules\peltier.o
 .comment       0x00000000       0x39 obj\release\src\modules\stm32f10x_it.o
 .comment       0x00000000       0x39 obj\release\src\modules\timers.o
 .comment       0x00000000       0x39 obj\release\src\modules\uart.o
 .comment       0x00000000       0x39 obj\release\src\system_stm32f10x.o

.debug_info     0x00000000     0x5880
 .debug_info    0x00000000      0xb01 obj\release\spl\src\stm32f10x_flash.o
 .debug_info    0x00000b01      0xa5a obj\release\spl\src\stm32f10x_rcc.o
 .debug_info    0x0000155b      0x70a obj\release\src\main.o
 .debug_info    0x00001c65      0x44e obj\release\src\modules\lcd.o
 .debug_info    0x000020b3      0x47a obj\release\src\modules\buttons.o
 .debug_info    0x0000252d      0x27f obj\release\src\modules\dac.o
 .debug_info    0x000027ac      0x153 obj\release\src\modules\delays.o
 .debug_info    0x000028ff      0x799 obj\release\src\modules\ds18b20.o
 .debug_info    0x00003098      0x2d2 obj\release\src\modules\flash.o
 .debug_info    0x0000336a      0x6d8 obj\release\src\modules\hd44780_driver.o
 .debug_info    0x00003a42      0x6ea obj\release\src\modules\ioconfig.o
 .debug_info    0x0000412c      0x251 obj\release\src\modules\peltier.o
 .debug_info    0x0000437d      0x172 obj\release\src\modules\stm32f10x_it.o
 .debug_info    0x000044ef      0xb17 obj\release\src\modules\timers.o
 .debug_info    0x00005006      0x372 obj\release\src\modules\uart.o
 .debug_info    0x00005378       0x69 obj\release\src\startup_stm32f10x_md_vl.o
 .debug_info    0x000053e1      0x49f obj\release\src\system_stm32f10x.o

.debug_abbrev   0x00000000     0x17bd
 .debug_abbrev  0x00000000      0x24a obj\release\spl\src\stm32f10x_flash.o
 .debug_abbrev  0x0000024a      0x28f obj\release\spl\src\stm32f10x_rcc.o
 .debug_abbrev  0x000004d9      0x18b obj\release\src\main.o
 .debug_abbrev  0x00000664      0x1c0 obj\release\src\modules\lcd.o
 .debug_abbrev  0x00000824      0x178 obj\release\src\modules\buttons.o
 .debug_abbrev  0x0000099c       0xa1 obj\release\src\modules\dac.o
 .debug_abbrev  0x00000a3d       0xd1 obj\release\src\modules\delays.o
 .debug_abbrev  0x00000b0e      0x1aa obj\release\src\modules\ds18b20.o
 .debug_abbrev  0x00000cb8      0x14c obj\release\src\modules\flash.o
 .debug_abbrev  0x00000e04      0x211 obj\release\src\modules\hd44780_driver.o
 .debug_abbrev  0x00001015      0x198 obj\release\src\modules\ioconfig.o
 .debug_abbrev  0x000011ad      0x111 obj\release\src\modules\peltier.o
 .debug_abbrev  0x000012be       0x69 obj\release\src\modules\stm32f10x_it.o
 .debug_abbrev  0x00001327      0x21f obj\release\src\modules\timers.o
 .debug_abbrev  0x00001546       0xf3 obj\release\src\modules\uart.o
 .debug_abbrev  0x00001639       0x14 obj\release\src\startup_stm32f10x_md_vl.o
 .debug_abbrev  0x0000164d      0x170 obj\release\src\system_stm32f10x.o

.debug_loc      0x00000000     0x2465
 .debug_loc     0x00000000      0xa7c obj\release\spl\src\stm32f10x_flash.o
 .debug_loc     0x00000a7c      0x88d obj\release\spl\src\stm32f10x_rcc.o
 .debug_loc     0x00001309       0x20 obj\release\src\main.o
 .debug_loc     0x00001329      0x191 obj\release\src\modules\lcd.o
 .debug_loc     0x000014ba      0x16e obj\release\src\modules\buttons.o
 .debug_loc     0x00001628       0x20 obj\release\src\modules\delays.o
 .debug_loc     0x00001648      0x3ca obj\release\src\modules\ds18b20.o
 .debug_loc     0x00001a12      0x188 obj\release\src\modules\flash.o
 .debug_loc     0x00001b9a      0x5dc obj\release\src\modules\hd44780_driver.o
 .debug_loc     0x00002176       0x40 obj\release\src\modules\ioconfig.o
 .debug_loc     0x000021b6       0xfd obj\release\src\modules\peltier.o
 .debug_loc     0x000022b3       0x20 obj\release\src\modules\timers.o
 .debug_loc     0x000022d3       0x35 obj\release\src\modules\uart.o
 .debug_loc     0x00002308      0x15d obj\release\src\system_stm32f10x.o

.debug_aranges  0x00000000      0x580
 .debug_aranges
                0x00000000       0xf8 obj\release\spl\src\stm32f10x_flash.o
 .debug_aranges
                0x000000f8      0x120 obj\release\spl\src\stm32f10x_rcc.o
 .debug_aranges
                0x00000218       0x20 obj\release\src\main.o
 .debug_aranges
                0x00000238       0x38 obj\release\src\modules\lcd.o
 .debug_aranges
                0x00000270       0x50 obj\release\src\modules\buttons.o
 .debug_aranges
                0x000002c0       0x20 obj\release\src\modules\dac.o
 .debug_aranges
                0x000002e0       0x30 obj\release\src\modules\delays.o
 .debug_aranges
                0x00000310       0x60 obj\release\src\modules\ds18b20.o
 .debug_aranges
                0x00000370       0x40 obj\release\src\modules\flash.o
 .debug_aranges
                0x000003b0       0x60 obj\release\src\modules\hd44780_driver.o
 .debug_aranges
                0x00000410       0x38 obj\release\src\modules\ioconfig.o
 .debug_aranges
                0x00000448       0x20 obj\release\src\modules\peltier.o
 .debug_aranges
                0x00000468       0x68 obj\release\src\modules\stm32f10x_it.o
 .debug_aranges
                0x000004d0       0x40 obj\release\src\modules\timers.o
 .debug_aranges
                0x00000510       0x28 obj\release\src\modules\uart.o
 .debug_aranges
                0x00000538       0x20 obj\release\src\startup_stm32f10x_md_vl.o
 .debug_aranges
                0x00000558       0x28 obj\release\src\system_stm32f10x.o

.debug_ranges   0x00000000      0x588
 .debug_ranges  0x00000000      0x128 obj\release\spl\src\stm32f10x_flash.o
 .debug_ranges  0x00000128      0x140 obj\release\spl\src\stm32f10x_rcc.o
 .debug_ranges  0x00000268       0x10 obj\release\src\main.o
 .debug_ranges  0x00000278       0x28 obj\release\src\modules\lcd.o
 .debug_ranges  0x000002a0       0x40 obj\release\src\modules\buttons.o
 .debug_ranges  0x000002e0       0x10 obj\release\src\modules\dac.o
 .debug_ranges  0x000002f0       0x20 obj\release\src\modules\delays.o
 .debug_ranges  0x00000310       0x50 obj\release\src\modules\ds18b20.o
 .debug_ranges  0x00000360       0x30 obj\release\src\modules\flash.o
 .debug_ranges  0x00000390       0x50 obj\release\src\modules\hd44780_driver.o
 .debug_ranges  0x000003e0       0x48 obj\release\src\modules\ioconfig.o
 .debug_ranges  0x00000428       0x28 obj\release\src\modules\peltier.o
 .debug_ranges  0x00000450       0x58 obj\release\src\modules\stm32f10x_it.o
 .debug_ranges  0x000004a8       0x50 obj\release\src\modules\timers.o
 .debug_ranges  0x000004f8       0x18 obj\release\src\modules\uart.o
 .debug_ranges  0x00000510       0x78 obj\release\src\system_stm32f10x.o

.debug_line     0x00000000     0x2868
 .debug_line    0x00000000      0x4ff obj\release\spl\src\stm32f10x_flash.o
 .debug_line    0x000004ff      0x467 obj\release\spl\src\stm32f10x_rcc.o
 .debug_line    0x00000966      0x221 obj\release\src\main.o
 .debug_line    0x00000b87      0x2ad obj\release\src\modules\lcd.o
 .debug_line    0x00000e34      0x241 obj\release\src\modules\buttons.o
 .debug_line    0x00001075      0x182 obj\release\src\modules\dac.o
 .debug_line    0x000011f7      0x19b obj\release\src\modules\delays.o
 .debug_line    0x00001392      0x2b1 obj\release\src\modules\ds18b20.o
 .debug_line    0x00001643      0x1e4 obj\release\src\modules\flash.o
 .debug_line    0x00001827      0x2de obj\release\src\modules\hd44780_driver.o
 .debug_line    0x00001b05      0x257 obj\release\src\modules\ioconfig.o
 .debug_line    0x00001d5c      0x200 obj\release\src\modules\peltier.o
 .debug_line    0x00001f5c      0x1ff obj\release\src\modules\stm32f10x_it.o
 .debug_line    0x0000215b      0x2c6 obj\release\src\modules\timers.o
 .debug_line    0x00002421      0x1ac obj\release\src\modules\uart.o
 .debug_line    0x000025cd       0xa9 obj\release\src\startup_stm32f10x_md_vl.o
 .debug_line    0x00002676      0x1f2 obj\release\src\system_stm32f10x.o

.debug_str      0x00000000     0x15c8
 .debug_str     0x00000000      0x4f3 obj\release\spl\src\stm32f10x_flash.o
                                0x57c (size before relaxing)
 .debug_str     0x000004f3      0x47c obj\release\spl\src\stm32f10x_rcc.o
                                0x601 (size before relaxing)
 .debug_str     0x0000096f      0x223 obj\release\src\main.o
                                0x39e (size before relaxing)
 .debug_str     0x00000b92       0xd1 obj\release\src\modules\lcd.o
                                0x239 (size before relaxing)
 .debug_str     0x00000c63      0x155 obj\release\src\modules\buttons.o
                                0x26f (size before relaxing)
 .debug_str     0x00000db8       0x75 obj\release\src\modules\dac.o
                                0x1c3 (size before relaxing)
 .debug_str     0x00000e2d       0x20 obj\release\src\modules\delays.o
                                0x129 (size before relaxing)
 .debug_str     0x00000e4d       0xcd obj\release\src\modules\ds18b20.o
                                0x361 (size before relaxing)
 .debug_str     0x00000f1a       0x4d obj\release\src\modules\flash.o
                                0x21f (size before relaxing)
 .debug_str     0x00000f67       0xd4 obj\release\src\modules\hd44780_driver.o
                                0x259 (size before relaxing)
 .debug_str     0x0000103b      0x327 obj\release\src\modules\ioconfig.o
                                0x54d (size before relaxing)
 .debug_str     0x00001362       0x4f obj\release\src\modules\peltier.o
                                0x17a (size before relaxing)
 .debug_str     0x000013b1       0xbe obj\release\src\modules\stm32f10x_it.o
                                0x19b (size before relaxing)
 .debug_str     0x0000146f       0x6f obj\release\src\modules\timers.o
                                0x6c9 (size before relaxing)
 .debug_str     0x000014de       0x32 obj\release\src\modules\uart.o
                                0x1e9 (size before relaxing)
 .debug_str     0x00001510       0xb8 obj\release\src\system_stm32f10x.o
                                0x26b (size before relaxing)

.debug_frame    0x00000000      0xb2c
 .debug_frame   0x00000000      0x254 obj\release\spl\src\stm32f10x_flash.o
 .debug_frame   0x00000254      0x22c obj\release\spl\src\stm32f10x_rcc.o
 .debug_frame   0x00000480       0x30 obj\release\src\main.o
 .debug_frame   0x000004b0       0x8c obj\release\src\modules\lcd.o
 .debug_frame   0x0000053c       0xa8 obj\release\src\modules\buttons.o
 .debug_frame   0x000005e4       0x20 obj\release\src\modules\dac.o
 .debug_frame   0x00000604       0x40 obj\release\src\modules\delays.o
 .debug_frame   0x00000644       0xfc obj\release\src\modules\ds18b20.o
 .debug_frame   0x00000740       0x80 obj\release\src\modules\flash.o
 .debug_frame   0x000007c0       0xc8 obj\release\src\modules\hd44780_driver.o
 .debug_frame   0x00000888       0x60 obj\release\src\modules\ioconfig.o
 .debug_frame   0x000008e8       0x30 obj\release\src\modules\peltier.o
 .debug_frame   0x00000918       0xb0 obj\release\src\modules\stm32f10x_it.o
 .debug_frame   0x000009c8       0x6c obj\release\src\modules\timers.o
 .debug_frame   0x00000a34       0x30 obj\release\src\modules\uart.o
 .debug_frame   0x00000a64       0x34 obj\release\src\system_stm32f10x.o
 .debug_frame   0x00000a98       0x28 d:/program files/emblocks/2.30/share/em_armgcc/bin/../lib/gcc/arm-none-eabi/4.7.3/../../../../arm-none-eabi/lib/armv7-m\libc_n.a(lib_a-exit.o)
 .debug_frame   0x00000ac0       0x2c d:/program files/emblocks/2.30/share/em_armgcc/bin/../lib/gcc/arm-none-eabi/4.7.3/../../../../arm-none-eabi/lib/armv7-m\libc_n.a(lib_a-init.o)
 .debug_frame   0x00000aec       0x20 d:/program files/emblocks/2.30/share/em_armgcc/bin/../lib/gcc/arm-none-eabi/4.7.3/../../../../arm-none-eabi/lib/armv7-m\libc_n.a(lib_a-memset.o)
 .debug_frame   0x00000b0c       0x20 d:/program files/emblocks/2.30/share/em_armgcc/bin/../lib/gcc/arm-none-eabi/4.7.3/../../../../arm-none-eabi/lib/armv7-m\libnosys.a(_exit.o)
