Archive member included because of file (symbol)

d:/program files/emblocks/2.30/share/em_armgcc/bin/../lib/gcc/arm-none-eabi/4.7.3/armv7-m\libgcc.a(_arm_addsubdf3.o)
                              obj\debug\src\modules\sht1x.o (__aeabi_f2d)
d:/program files/emblocks/2.30/share/em_armgcc/bin/../lib/gcc/arm-none-eabi/4.7.3/armv7-m\libgcc.a(_arm_cmpdf2.o)
                              obj\debug\src\modules\sht1x.o (__aeabi_dcmplt)
d:/program files/emblocks/2.30/share/em_armgcc/bin/../lib/gcc/arm-none-eabi/4.7.3/armv7-m\libgcc.a(_arm_addsubsf3.o)
                              obj\debug\src\modules\sht1x.o (__aeabi_fsub)
d:/program files/emblocks/2.30/share/em_armgcc/bin/../lib/gcc/arm-none-eabi/4.7.3/armv7-m\libgcc.a(_arm_muldivsf3.o)
                              obj\debug\src\modules\lcd.o (__aeabi_fmul)
d:/program files/emblocks/2.30/share/em_armgcc/bin/../lib/gcc/arm-none-eabi/4.7.3/armv7-m\libgcc.a(_arm_cmpsf2.o)
                              obj\debug\src\modules\sht1x.o (__aeabi_fcmpgt)
d:/program files/emblocks/2.30/share/em_armgcc/bin/../lib/gcc/arm-none-eabi/4.7.3/armv7-m\libgcc.a(_arm_fixsfsi.o)
                              obj\debug\src\modules\lcd.o (__aeabi_f2iz)
d:/program files/emblocks/2.30/share/em_armgcc/bin/../lib/gcc/arm-none-eabi/4.7.3/../../../../arm-none-eabi/lib/armv7-m\libc_n.a(lib_a-exit.o)
                              d:/program files/emblocks/2.30/share/em_armgcc/bin/../lib/gcc/arm-none-eabi/4.7.3/../../../../arm-none-eabi/lib/armv7-m/crt0.o (exit)
d:/program files/emblocks/2.30/share/em_armgcc/bin/../lib/gcc/arm-none-eabi/4.7.3/../../../../arm-none-eabi/lib/armv7-m\libc_n.a(lib_a-impure.o)
                              d:/program files/emblocks/2.30/share/em_armgcc/bin/../lib/gcc/arm-none-eabi/4.7.3/../../../../arm-none-eabi/lib/armv7-m\libc_n.a(lib_a-exit.o) (_global_impure_ptr)
d:/program files/emblocks/2.30/share/em_armgcc/bin/../lib/gcc/arm-none-eabi/4.7.3/../../../../arm-none-eabi/lib/armv7-m\libc_n.a(lib_a-init.o)
                              d:/program files/emblocks/2.30/share/em_armgcc/bin/../lib/gcc/arm-none-eabi/4.7.3/../../../../arm-none-eabi/lib/armv7-m/crt0.o (__libc_init_array)
d:/program files/emblocks/2.30/share/em_armgcc/bin/../lib/gcc/arm-none-eabi/4.7.3/../../../../arm-none-eabi/lib/armv7-m\libc_n.a(lib_a-memset.o)
                              d:/program files/emblocks/2.30/share/em_armgcc/bin/../lib/gcc/arm-none-eabi/4.7.3/../../../../arm-none-eabi/lib/armv7-m/crt0.o (memset)
d:/program files/emblocks/2.30/share/em_armgcc/bin/../lib/gcc/arm-none-eabi/4.7.3/../../../../arm-none-eabi/lib/armv7-m\libnosys.a(_exit.o)
                              d:/program files/emblocks/2.30/share/em_armgcc/bin/../lib/gcc/arm-none-eabi/4.7.3/../../../../arm-none-eabi/lib/armv7-m\libc_n.a(lib_a-exit.o) (_exit)

Allocating common symbols
Common symbol       size              file

p                   0x4               obj\debug\src\modules\bmp085.o
b2                  0x2               obj\debug\src\modules\bmp085.o
mb                  0x2               obj\debug\src\modules\bmp085.o
bmp085              0x24              obj\debug\src\modules\bmp085.o
ac1                 0x2               obj\debug\src\modules\bmp085.o
b1                  0x2               obj\debug\src\modules\bmp085.o
ac6                 0x2               obj\debug\src\modules\bmp085.o
Temp                0x2               obj\debug\src\modules\timers.o
ac5                 0x2               obj\debug\src\modules\bmp085.o
ac2                 0x2               obj\debug\src\modules\bmp085.o
Hum                 0x2               obj\debug\src\modules\timers.o
b4                  0x4               obj\debug\src\modules\bmp085.o
x2                  0x4               obj\debug\src\modules\bmp085.o
CalculatedTemp      0x4               obj\debug\src\modules\timers.o
md                  0x2               obj\debug\src\modules\bmp085.o
ac4                 0x2               obj\debug\src\modules\bmp085.o
b7                  0x4               obj\debug\src\modules\bmp085.o
mc                  0x2               obj\debug\src\modules\bmp085.o
pressureAlt         0x4               obj\debug\src\modules\bmp085.o
Crc                 0x1               obj\debug\src\modules\timers.o
uncompensatedTemperature
                    0x4               obj\debug\src\modules\bmp085.o
CalculatedHum       0x4               obj\debug\src\modules\timers.o
pressureAverage     0x4               obj\debug\src\modules\bmp085.o
pressureSum         0x4               obj\debug\src\modules\bmp085.o
b5                  0x4               obj\debug\src\modules\bmp085.o
x3                  0x4               obj\debug\src\modules\bmp085.o
x1                  0x4               obj\debug\src\modules\bmp085.o
b3                  0x4               obj\debug\src\modules\bmp085.o
b6                  0x4               obj\debug\src\modules\bmp085.o
uncompensatedPressure
                    0x4               obj\debug\src\modules\bmp085.o
[...]
Memory Configuration

Name             Origin             Length             Attributes
ROM              0x08000000         0x00010000         xr
RAM              0x20000000         0x00002000         xrw
*default*        0x00000000         0xffffffff

Linker script and memory map

LOAD d:/program files/emblocks/2.30/share/em_armgcc/bin/../lib/gcc/arm-none-eabi/4.7.3/armv7-m/crti.o
LOAD d:/program files/emblocks/2.30/share/em_armgcc/bin/../lib/gcc/arm-none-eabi/4.7.3/armv7-m/crtbegin.o
LOAD d:/program files/emblocks/2.30/share/em_armgcc/bin/../lib/gcc/arm-none-eabi/4.7.3/../../../../arm-none-eabi/lib/armv7-m/crt0.o
                0x00000000                __HEAP_SIZE = 0x0
                0x00000100                __STACK_SIZE = 0x100

.text           0x08000000     0x2358
 *(.isr_vector)
 .isr_vector    0x08000000      0x120 obj\debug\src\startup_stm32f10x_md_vl.o
                0x08000000                __isr_vector
 *(.text*)
 .text          0x08000120       0x54 d:/program files/emblocks/2.30/share/em_armgcc/bin/../lib/gcc/arm-none-eabi/4.7.3/armv7-m/crtbegin.o
 .text          0x08000174       0x74 d:/program files/emblocks/2.30/share/em_armgcc/bin/../lib/gcc/arm-none-eabi/4.7.3/../../../../arm-none-eabi/lib/armv7-m/crt0.o
                0x08000174                _start
                0x08000174                _mainCRTStartup
 .text.GPIO_Init
                0x080001e8      0x1b0 obj\debug\spl\src\stm32f10x_gpio.o
                0x080001e8                GPIO_Init
 .text.I2C_Init
                0x08000398      0x1ac obj\debug\spl\src\stm32f10x_i2c.o
                0x08000398                I2C_Init
 .text.I2C_Cmd  0x08000544       0x40 obj\debug\spl\src\stm32f10x_i2c.o
                0x08000544                I2C_Cmd
 .text.RCC_GetClocksFreq
                0x08000584      0x1cc obj\debug\spl\src\stm32f10x_rcc.o
                0x08000584                RCC_GetClocksFreq
 .text.RCC_APB2PeriphClockCmd
                0x08000750       0x54 obj\debug\spl\src\stm32f10x_rcc.o
                0x08000750                RCC_APB2PeriphClockCmd
 .text.RCC_APB1PeriphClockCmd
                0x080007a4       0x54 obj\debug\spl\src\stm32f10x_rcc.o
                0x080007a4                RCC_APB1PeriphClockCmd
 .text.main     0x080007f8      0x120 obj\debug\src\main.o
                0x080007f8                main
 .text.ConfigureLCD
                0x08000918       0x80 obj\debug\src\modules\lcd.o
                0x08000918                ConfigureLCD
 .text.DisplayTemperature
                0x08000998      0x208 obj\debug\src\modules\lcd.o
                0x08000998                DisplayTemperature
 .text.bmp085_read_temperature
                0x08000ba0      0x100 obj\debug\src\modules\bmp085.o
                0x08000ba0                bmp085_read_temperature
 .text.bmp085_init
                0x08000ca0       0xd8 obj\debug\src\modules\bmp085.o
                0x08000ca0                bmp085_init
 .text.ConfigureDAC1
                0x08000d78       0x60 obj\debug\src\modules\dac.o
                0x08000d78                ConfigureDAC1
 .text.delay_40ms
                0x08000dd8       0x30 obj\debug\src\modules\delays.o
                0x08000dd8                delay_40ms
 .text.delay_1s
                0x08000e08       0x30 obj\debug\src\modules\delays.o
                0x08000e08                delay_1s
 .text.delay_ms
                0x08000e38       0x48 obj\debug\src\modules\delays.o
                0x08000e38                delay_ms
 .text.lcd_delay
                0x08000e80       0x28 obj\debug\src\modules\hd44780_driver.o
                0x08000e80                lcd_delay
 .text.lcd_init
                0x08000ea8       0x9c obj\debug\src\modules\hd44780_driver.o
                0x08000ea8                lcd_init
 .text.lcd_set_user_char
                0x08000f44       0x64 obj\debug\src\modules\hd44780_driver.o
                0x08000f44                lcd_set_user_char
 .text.lcd_set_xy
                0x08000fa8       0x44 obj\debug\src\modules\hd44780_driver.o
                0x08000fa8                lcd_set_xy
 .text.lcd_out  0x08000fec       0x30 obj\debug\src\modules\hd44780_driver.o
                0x08000fec                lcd_out
 .text.lcd_clear
                0x0800101c       0x14 obj\debug\src\modules\hd44780_driver.o
                0x0800101c                lcd_clear
 .text.lcd_set_state
                0x08001030       0x78 obj\debug\src\modules\hd44780_driver.o
                0x08001030                lcd_set_state
 .text.lcd_set_4bit_mode
                0x080010a8       0xc8 obj\debug\src\modules\hd44780_driver.o
                0x080010a8                lcd_set_4bit_mode
 .text.lcd_send
                0x08001170      0x14c obj\debug\src\modules\hd44780_driver.o
                0x08001170                lcd_send
 .text.I2c1_Init
                0x080012bc       0x90 obj\debug\src\modules\i2c.o
                0x080012bc                I2c1_Init
 .text.mcu_i2c_read_byte
                0x0800134c       0xf0 obj\debug\src\modules\i2c.o
                0x0800134c                mcu_i2c_read_byte
 .text.mcu_i2c_write_byte
                0x0800143c       0xdc obj\debug\src\modules\i2c.o
                0x0800143c                mcu_i2c_write_byte
 .text.mcu_i2c_write_two_byte
                0x08001518      0x10c obj\debug\src\modules\i2c.o
                0x08001518                mcu_i2c_write_two_byte
 .text.NVIC_EnableIRQ
                0x08001624       0x38 obj\debug\src\modules\ioconfig.o
 .text.ButtonConf
                0x0800165c       0xe4 obj\debug\src\modules\ioconfig.o
                0x0800165c                ButtonConf
 .text.EXTI0_IRQHandler
                0x08001740       0x3c obj\debug\src\modules\ioconfig.o
                0x08001740                EXTI0_IRQHandler
 .text.EXTI1_IRQHandler
                0x0800177c       0x3c obj\debug\src\modules\ioconfig.o
                0x0800177c                EXTI1_IRQHandler
 .text.EXTI2_IRQHandler
                0x080017b8       0x3c obj\debug\src\modules\ioconfig.o
                0x080017b8                EXTI2_IRQHandler
 .text.EXTI3_IRQHandler
                0x080017f4       0x3c obj\debug\src\modules\ioconfig.o
                0x080017f4                EXTI3_IRQHandler
 .text.EXTI4_IRQHandler
                0x08001830       0x3c obj\debug\src\modules\ioconfig.o
                0x08001830                EXTI4_IRQHandler
 .text.PortCConf
                0x0800186c       0x50 obj\debug\src\modules\ioconfig.o
                0x0800186c                PortCConf
 .text.PortBConf
                0x080018bc      0x354 obj\debug\src\modules\ioconfig.o
                0x080018bc                PortBConf
 .text.PortAConf
                0x08001c10       0xb4 obj\debug\src\modules\ioconfig.o
                0x08001c10                PortAConf
 .text.NMI_Handler
                0x08001cc4        0xc obj\debug\src\modules\stm32f10x_it.o
                0x08001cc4                NMI_Handler
 .text.HardFault_Handler
                0x08001cd0        0x8 obj\debug\src\modules\stm32f10x_it.o
                0x08001cd0                HardFault_Handler
 .text.MemManage_Handler
                0x08001cd8        0x8 obj\debug\src\modules\stm32f10x_it.o
                0x08001cd8                MemManage_Handler
 .text.BusFault_Handler
                0x08001ce0        0x8 obj\debug\src\modules\stm32f10x_it.o
                0x08001ce0                BusFault_Handler
 .text.UsageFault_Handler
                0x08001ce8        0x8 obj\debug\src\modules\stm32f10x_it.o
                0x08001ce8                UsageFault_Handler
 .text.SVC_Handler
                0x08001cf0        0xc obj\debug\src\modules\stm32f10x_it.o
                0x08001cf0                SVC_Handler
 .text.DebugMon_Handler
                0x08001cfc        0xc obj\debug\src\modules\stm32f10x_it.o
                0x08001cfc                DebugMon_Handler
 .text.PendSV_Handler
                0x08001d08        0xc obj\debug\src\modules\stm32f10x_it.o
                0x08001d08                PendSV_Handler
 .text.SysTick_Handler
                0x08001d14        0xc obj\debug\src\modules\stm32f10x_it.o
                0x08001d14                SysTick_Handler
 .text.NVIC_EnableIRQ
                0x08001d20       0x38 obj\debug\src\modules\timers.o
 .text.TIM2_init
                0x08001d58      0x118 obj\debug\src\modules\timers.o
                0x08001d58                TIM2_init
 .text.TIM2_IRQHandler
                0x08001e70       0x5c obj\debug\src\modules\timers.o
                0x08001e70                TIM2_IRQHandler
 .text.Init_UART1
                0x08001ecc      0x104 obj\debug\src\modules\uart.o
                0x08001ecc                Init_UART1
 .text          0x08001fd0       0xb4 obj\debug\src\startup_stm32f10x_md_vl.o
                0x08001fd0                Reset_Handler
                0x08002028                Default_Handler
                0x0800202a                WWDG_IRQHandler
                0x0800202c                PVD_IRQHandler
                0x0800202e                TAMPER_IRQHandler
                0x08002030                RTC_IRQHandler
                0x08002032                FLASH_IRQHandler
                0x08002034                RCC_IRQHandler
                0x08002040                DMA1_Channel1_IRQHandler
                0x08002042                DMA1_Channel2_IRQHandler
                0x08002044                DMA1_Channel3_IRQHandler
                0x08002046                DMA1_Channel4_IRQHandler
                0x08002048                DMA1_Channel5_IRQHandler
                0x0800204a                DMA1_Channel6_IRQHandler
                0x0800204c                DMA1_Channel7_IRQHandler
                0x0800204e                ADC1_IRQHandler
                0x08002050                EXTI9_5_IRQHandler
                0x08002052                TIM1_BRK_TIM15_IRQHandler
                0x08002054                TIM1_UP_TIM16_IRQHandler
                0x08002056                TIM1_TRG_COM_TIM17_IRQHandler
                0x08002058                TIM1_CC_IRQHandler
                0x0800205c                TIM3_IRQHandler
                0x0800205e                TIM4_IRQHandler
                0x08002060                I2C1_EV_IRQHandler
                0x08002062                I2C1_ER_IRQHandler
                0x08002064                I2C2_EV_IRQHandler
                0x08002066                I2C2_ER_IRQHandler
                0x08002068                SPI1_IRQHandler
                0x0800206a                SPI2_IRQHandler
                0x0800206c                USART1_IRQHandler
                0x0800206e                USART2_IRQHandler
                0x08002070                USART3_IRQHandler
                0x08002072                EXTI15_10_IRQHandler
                0x08002074                RTCAlarm_IRQHandler
                0x08002076                CEC_IRQHandler
                0x08002078                TIM6_DAC_IRQHandler
                0x0800207a                TIM7_IRQHandler
 .text.SystemInit
                0x08002084       0xb8 obj\debug\src\system_stm32f10x.o
                0x08002084                SystemInit
 .text.SetSysClock
                0x0800213c        0xc obj\debug\src\system_stm32f10x.o
 .text.SetSysClockTo24
                0x08002148      0x15c obj\debug\src\system_stm32f10x.o
 .text.exit     0x080022a4       0x28 d:/program files/emblocks/2.30/share/em_armgcc/bin/../lib/gcc/arm-none-eabi/4.7.3/../../../../arm-none-eabi/lib/armv7-m\libc_n.a(lib_a-exit.o)
                0x080022a4                exit
 .text.__libc_init_array
                0x080022cc       0x4c d:/program files/emblocks/2.30/share/em_armgcc/bin/../lib/gcc/arm-none-eabi/4.7.3/../../../../arm-none-eabi/lib/armv7-m\libc_n.a(lib_a-init.o)
                0x080022cc                __libc_init_array
 .text.memset   0x08002318       0x10 d:/program files/emblocks/2.30/share/em_armgcc/bin/../lib/gcc/arm-none-eabi/4.7.3/../../../../arm-none-eabi/lib/armv7-m\libc_n.a(lib_a-memset.o)
                0x08002318                memset
 .text._exit    0x08002328        0x4 d:/program files/emblocks/2.30/share/em_armgcc/bin/../lib/gcc/arm-none-eabi/4.7.3/../../../../arm-none-eabi/lib/armv7-m\libnosys.a(_exit.o)
                0x08002328                _exit
 *(.init)
 .init          0x0800232c        0x4 d:/program files/emblocks/2.30/share/em_armgcc/bin/../lib/gcc/arm-none-eabi/4.7.3/armv7-m/crti.o
                0x0800232c                _init
 .init          0x08002330        0x8 d:/program files/emblocks/2.30/share/em_armgcc/bin/../lib/gcc/arm-none-eabi/4.7.3/armv7-m/crtn.o
 *(.fini)
 .fini          0x08002338        0x4 d:/program files/emblocks/2.30/share/em_armgcc/bin/../lib/gcc/arm-none-eabi/4.7.3/armv7-m/crti.o
                0x08002338                _fini
 .fini          0x0800233c        0x8 d:/program files/emblocks/2.30/share/em_armgcc/bin/../lib/gcc/arm-none-eabi/4.7.3/armv7-m/crtn.o
 *crtbegin.o(.ctors)
 *crtbegin?.o(.ctors)
 *(EXCLUDE_FILE(*crtend.o *crtend?.o) .ctors)
 *(SORT(.ctors.*))
 *(.ctors)
 *crtbegin.o(.dtors)
 *crtbegin?.o(.dtors)
 *(EXCLUDE_FILE(*crtend.o *crtend?.o) .dtors)
 *(SORT(.dtors.*))
 *(.dtors)
 *(.rodata*)
 .rodata        0x08002344        0x8 obj\debug\src\main.o
 .rodata.str1.1
                0x0800234c        0x2 d:/program files/emblocks/2.30/share/em_armgcc/bin/../lib/gcc/arm-none-eabi/4.7.3/../../../../arm-none-eabi/lib/armv7-m\libc_n.a(lib_a-impure.o)
 *fill*         0x0800234e        0x2 
 .rodata._global_impure_ptr
                0x08002350        0x4 d:/program files/emblocks/2.30/share/em_armgcc/bin/../lib/gcc/arm-none-eabi/4.7.3/../../../../arm-none-eabi/lib/armv7-m\libc_n.a(lib_a-impure.o)
                0x08002350                _global_impure_ptr
 *(.eh_frame*)
 .eh_frame      0x08002354        0x0 d:/program files/emblocks/2.30/share/em_armgcc/bin/../lib/gcc/arm-none-eabi/4.7.3/armv7-m/crtbegin.o
 .eh_frame      0x08002354        0x4 d:/program files/emblocks/2.30/share/em_armgcc/bin/../lib/gcc/arm-none-eabi/4.7.3/armv7-m/crtend.o

.glue_7         0x08002358        0x0
 .glue_7        0x00000000        0x0 linker stubs

.glue_7t        0x08002358        0x0
 .glue_7t       0x00000000        0x0 linker stubs

.vfp11_veneer   0x08002358        0x0
 .vfp11_veneer  0x00000000        0x0 linker stubs

.v4_bx          0x08002358        0x0
 .v4_bx         0x00000000        0x0 linker stubs

.iplt           0x08002358        0x0
 .iplt          0x00000000        0x0 d:/program files/emblocks/2.30/share/em_armgcc/bin/../lib/gcc/arm-none-eabi/4.7.3/armv7-m/crtbegin.o

.ARM.extab
 *(.ARM.extab* .gnu.linkonce.armextab.*)
                0x08002358                __exidx_start = .

.ARM.exidx      0x08002358        0x8
 *(.ARM.exidx* .gnu.linkonce.armexidx.*)
 .ARM.exidx     0x08002358        0x8 d:/program files/emblocks/2.30/share/em_armgcc/bin/../lib/gcc/arm-none-eabi/4.7.3/../../../../arm-none-eabi/lib/armv7-m/crt0.o
                0x08002360                __exidx_end = .
                0x08002360                __etext = .

.rel.dyn        0x08002360        0x0
 .rel.iplt      0x00000000        0x0 d:/program files/emblocks/2.30/share/em_armgcc/bin/../lib/gcc/arm-none-eabi/4.7.3/armv7-m/crtbegin.o

.data           0x20000000       0xb4 load address 0x08002360
                0x20000000                __data_start__ = .
 *(vtable)
 *(.data*)
 .data.APBAHBPrescTable
                0x20000000       0x10 obj\debug\spl\src\stm32f10x_rcc.o
 .data.ADCPrescTable
                0x20000010        0x4 obj\debug\spl\src\stm32f10x_rcc.o
 .data.Char_0   0x20000014        0x8 obj\debug\src\modules\lcd.o
                0x20000014                Char_0
 .data.Char_1   0x2000001c        0x8 obj\debug\src\modules\lcd.o
                0x2000001c                Char_1
 .data.Char_2   0x20000024        0x8 obj\debug\src\modules\lcd.o
                0x20000024                Char_2
 .data.Char_3   0x2000002c        0x8 obj\debug\src\modules\lcd.o
                0x2000002c                Char_3
 .data.Char_4   0x20000034        0x8 obj\debug\src\modules\lcd.o
                0x20000034                Char_4
 .data.Char_5   0x2000003c        0x8 obj\debug\src\modules\lcd.o
                0x2000003c                Char_5
 .data.Char_6   0x20000044        0x8 obj\debug\src\modules\lcd.o
                0x20000044                Char_6
 .data.impure_data
                0x2000004c       0x60 d:/program files/emblocks/2.30/share/em_armgcc/bin/../lib/gcc/arm-none-eabi/4.7.3/../../../../arm-none-eabi/lib/armv7-m\libc_n.a(lib_a-impure.o)
                0x200000ac                . = ALIGN (0x4)
                0x200000ac                PROVIDE (__preinit_array_start, .)
 *(.preinit_array)
                0x200000ac                PROVIDE (__preinit_array_end, .)
                0x200000ac                . = ALIGN (0x4)
                0x200000ac                PROVIDE (__init_array_start, .)
 *(SORT(.init_array.*))
 *(.init_array)
 .init_array    0x200000ac        0x4 d:/program files/emblocks/2.30/share/em_armgcc/bin/../lib/gcc/arm-none-eabi/4.7.3/armv7-m/crtbegin.o
                0x200000b0                PROVIDE (__init_array_end, .)
                0x200000b0                . = ALIGN (0x4)
                0x200000b0                PROVIDE (__fini_array_start, .)
 *(SORT(.fini_array.*))
 *(.fini_array)
 .fini_array    0x200000b0        0x4 d:/program files/emblocks/2.30/share/em_armgcc/bin/../lib/gcc/arm-none-eabi/4.7.3/armv7-m/crtbegin.o
                0x200000b4                PROVIDE (__fini_array_end, .)
                0x200000b4                . = ALIGN (0x4)
                0x200000b4                __data_end__ = .

.jcr            0x200000b4        0x0 load address 0x08002414
 .jcr           0x200000b4        0x0 d:/program files/emblocks/2.30/share/em_armgcc/bin/../lib/gcc/arm-none-eabi/4.7.3/armv7-m/crtbegin.o

.igot.plt       0x200000b4        0x0 load address 0x08002414
 .igot.plt      0x00000000        0x0 d:/program files/emblocks/2.30/share/em_armgcc/bin/../lib/gcc/arm-none-eabi/4.7.3/armv7-m/crtbegin.o

.bss            0x200000b4       0xc2 load address 0x08002414
                0x200000b4                __bss_start__ = .
 *(.bss*)
 .bss           0x200000b4       0x1c d:/program files/emblocks/2.30/share/em_armgcc/bin/../lib/gcc/arm-none-eabi/4.7.3/armv7-m/crtbegin.o
 .bss.DispString
                0x200000d0       0x14 obj\debug\src\modules\lcd.o
                0x200000d0                DispString
 .bss.temperature
                0x200000e4        0x4 obj\debug\src\modules\lcd.o
                0x200000e4                temperature
 .bss.InsideCounter.6643
                0x200000e8        0x1 obj\debug\src\modules\ioconfig.o
 .bss.InsideCounter.6639
                0x200000e9        0x1 obj\debug\src\modules\ioconfig.o
 .bss.InsideCounter.6635
                0x200000ea        0x1 obj\debug\src\modules\ioconfig.o
 .bss.InsideCounter.6631
                0x200000eb        0x1 obj\debug\src\modules\ioconfig.o
 .bss.InsideCounter.6627
                0x200000ec        0x1 obj\debug\src\modules\ioconfig.o
 *fill*         0x200000ed        0x1 
 .bss.InsideCounter.6705
                0x200000ee        0x2 obj\debug\src\modules\timers.o
 *(COMMON)
 COMMON         0x200000f0       0x86 obj\debug\src\modules\bmp085.o
                0x200000f0                p
                0x200000f4                b2
                0x200000f8                mb
                0x200000fc                bmp085
                0x20000120                ac1
                0x20000124                b1
                0x20000128                ac6
                0x2000012c                ac5
                0x20000130                ac2
                0x20000134                b4
                0x20000138                x2
                0x2000013c                md
                0x20000140                ac4
                0x20000144                b7
                0x20000148                mc
                0x2000014c                pressureAlt
                0x20000150                uncompensatedTemperature
                0x20000154                pressureAverage
                0x20000158                pressureSum
                0x2000015c                b5
                0x20000160                x3
                0x20000164                x1
                0x20000168                b3
                0x2000016c                b6
                0x20000170                uncompensatedPressure
                0x20000174                ac3
                0x20000176                __bss_end__ = .

.heap           0x20000178        0x0
                0x20000178                __end__ = .
                0x20000178                end = __end__
 *(.heap*)
 .heap          0x20000178        0x0 obj\debug\src\startup_stm32f10x_md_vl.o
                0x20000178                __HeapLimit = .

.stack_dummy    0x20000178      0x100
 *(.stack)
 .stack         0x20000178      0x100 obj\debug\src\startup_stm32f10x_md_vl.o
                0x20002000                __StackTop = (ORIGIN (RAM) + 0x2000)
                0x20001f00                __StackLimit = (__StackTop - SIZEOF (.stack_dummy))
                0x20002000                PROVIDE (__stack, __StackTop)
                0x00000001                ASSERT ((__StackLimit >= __HeapLimit), region RAM overflowed with stack)
LOAD obj\debug\spl\src\misc.o
LOAD obj\debug\spl\src\stm32f10x_adc.o
LOAD obj\debug\spl\src\stm32f10x_bkp.o
LOAD obj\debug\spl\src\stm32f10x_can.o
LOAD obj\debug\spl\src\stm32f10x_cec.o
LOAD obj\debug\spl\src\stm32f10x_crc.o
LOAD obj\debug\spl\src\stm32f10x_dac.o
LOAD obj\debug\spl\src\stm32f10x_dbgmcu.o
LOAD obj\debug\spl\src\stm32f10x_dma.o
LOAD obj\debug\spl\src\stm32f10x_exti.o
LOAD obj\debug\spl\src\stm32f10x_flash.o
LOAD obj\debug\spl\src\stm32f10x_fsmc.o
LOAD obj\debug\spl\src\stm32f10x_gpio.o
LOAD obj\debug\spl\src\stm32f10x_i2c.o
LOAD obj\debug\spl\src\stm32f10x_iwdg.o
LOAD obj\debug\spl\src\stm32f10x_pwr.o
LOAD obj\debug\spl\src\stm32f10x_rcc.o
LOAD obj\debug\spl\src\stm32f10x_rtc.o
LOAD obj\debug\spl\src\stm32f10x_sdio.o
LOAD obj\debug\spl\src\stm32f10x_spi.o
LOAD obj\debug\spl\src\stm32f10x_tim.o
LOAD obj\debug\spl\src\stm32f10x_usart.o
LOAD obj\debug\spl\src\stm32f10x_wwdg.o
LOAD obj\debug\src\main.o
LOAD obj\debug\src\modules\lcd.o
LOAD obj\debug\src\modules\bmp085.o
LOAD obj\debug\src\modules\calculations.o
LOAD obj\debug\src\modules\clock_calendar.o
LOAD obj\debug\src\modules\dac.o
LOAD obj\debug\src\modules\delays.o
LOAD obj\debug\src\modules\ds18b20.o
LOAD obj\debug\src\modules\gpio_emcu.o
LOAD obj\debug\src\modules\hd44780_driver.o
LOAD obj\debug\src\modules\hd44780_emcu.o
LOAD obj\debug\src\modules\i2c.o
LOAD obj\debug\src\modules\ioconfig.o
LOAD obj\debug\src\modules\sht1x.o
LOAD obj\debug\src\modules\stm32f10x_it.o
LOAD obj\debug\src\modules\timers.o
LOAD obj\debug\src\modules\uart.o
LOAD obj\debug\src\startup_stm32f10x_md_vl.o
LOAD obj\debug\src\system_stm32f10x.o
START GROUP
LOAD d:/program files/emblocks/2.30/share/em_armgcc/bin/../lib/gcc/arm-none-eabi/4.7.3/armv7-m\libgcc.a
LOAD d:/program files/emblocks/2.30/share/em_armgcc/bin/../lib/gcc/arm-none-eabi/4.7.3/../../../../arm-none-eabi/lib/armv7-m\libc_n.a
LOAD d:/program files/emblocks/2.30/share/em_armgcc/bin/../lib/gcc/arm-none-eabi/4.7.3/../../../../arm-none-eabi/lib/armv7-m\libg_n.a
LOAD d:/program files/emblocks/2.30/share/em_armgcc/bin/../lib/gcc/arm-none-eabi/4.7.3/../../../../arm-none-eabi/lib/armv7-m\libnosys.a
END GROUP
LOAD d:/program files/emblocks/2.30/share/em_armgcc/bin/../lib/gcc/arm-none-eabi/4.7.3/armv7-m/crtend.o
LOAD d:/program files/emblocks/2.30/share/em_armgcc/bin/../lib/gcc/arm-none-eabi/4.7.3/armv7-m/crtn.o
OUTPUT(bin\Debug\PELTIER_dr.elf elf32-littlearm)

.ARM.attributes
                0x00000000       0x29
 .ARM.attributes
                0x00000000       0x1d d:/program files/emblocks/2.30/share/em_armgcc/bin/../lib/gcc/arm-none-eabi/4.7.3/armv7-m/crti.o
 .ARM.attributes
                0x0000001d       0x2d d:/program files/emblocks/2.30/share/em_armgcc/bin/../lib/gcc/arm-none-eabi/4.7.3/armv7-m/crtbegin.o
 .ARM.attributes
                0x0000004a       0x1b d:/program files/emblocks/2.30/share/em_armgcc/bin/../lib/gcc/arm-none-eabi/4.7.3/../../../../arm-none-eabi/lib/armv7-m/crt0.o
 .ARM.attributes
                0x00000065       0x33 obj\debug\spl\src\stm32f10x_gpio.o
 .ARM.attributes
                0x00000098       0x33 obj\debug\spl\src\stm32f10x_i2c.o
 .ARM.attributes
                0x000000cb       0x33 obj\debug\spl\src\stm32f10x_rcc.o
 .ARM.attributes
                0x000000fe       0x33 obj\debug\src\main.o
 .ARM.attributes
                0x00000131       0x33 obj\debug\src\modules\lcd.o
 .ARM.attributes
                0x00000164       0x33 obj\debug\src\modules\bmp085.o
 .ARM.attributes
                0x00000197       0x33 obj\debug\src\modules\dac.o
 .ARM.attributes
                0x000001ca       0x33 obj\debug\src\modules\delays.o
 .ARM.attributes
                0x000001fd       0x33 obj\debug\src\modules\hd44780_driver.o
 .ARM.attributes
                0x00000230       0x33 obj\debug\src\modules\i2c.o
 .ARM.attributes
                0x00000263       0x33 obj\debug\src\modules\ioconfig.o
 .ARM.attributes
                0x00000296       0x33 obj\debug\src\modules\stm32f10x_it.o
 .ARM.attributes
                0x000002c9       0x33 obj\debug\src\modules\timers.o
 .ARM.attributes
                0x000002fc       0x33 obj\debug\src\modules\uart.o
 .ARM.attributes
                0x0000032f       0x1b obj\debug\src\startup_stm32f10x_md_vl.o
 .ARM.attributes
                0x0000034a       0x33 obj\debug\src\system_stm32f10x.o
 .ARM.attributes
                0x0000037d       0x2d d:/program files/emblocks/2.30/share/em_armgcc/bin/../lib/gcc/arm-none-eabi/4.7.3/../../../../arm-none-eabi/lib/armv7-m\libc_n.a(lib_a-exit.o)
 .ARM.attributes
                0x000003aa       0x2d d:/program files/emblocks/2.30/share/em_armgcc/bin/../lib/gcc/arm-none-eabi/4.7.3/../../../../arm-none-eabi/lib/armv7-m\libc_n.a(lib_a-impure.o)
 .ARM.attributes
                0x000003d7       0x2d d:/program files/emblocks/2.30/share/em_armgcc/bin/../lib/gcc/arm-none-eabi/4.7.3/../../../../arm-none-eabi/lib/armv7-m\libc_n.a(lib_a-init.o)
 .ARM.attributes
                0x00000404       0x2d d:/program files/emblocks/2.30/share/em_armgcc/bin/../lib/gcc/arm-none-eabi/4.7.3/../../../../arm-none-eabi/lib/armv7-m\libc_n.a(lib_a-memset.o)
 .ARM.attributes
                0x00000431       0x2d d:/program files/emblocks/2.30/share/em_armgcc/bin/../lib/gcc/arm-none-eabi/4.7.3/../../../../arm-none-eabi/lib/armv7-m\libnosys.a(_exit.o)
 .ARM.attributes
                0x0000045e       0x2d d:/program files/emblocks/2.30/share/em_armgcc/bin/../lib/gcc/arm-none-eabi/4.7.3/armv7-m/crtend.o
 .ARM.attributes
                0x0000048b       0x1d d:/program files/emblocks/2.30/share/em_armgcc/bin/../lib/gcc/arm-none-eabi/4.7.3/armv7-m/crtn.o

.comment        0x00000000       0x38
 .comment       0x00000000       0x38 obj\debug\spl\src\stm32f10x_gpio.o
                                 0x39 (size before relaxing)
 .comment       0x00000000       0x39 obj\debug\spl\src\stm32f10x_i2c.o
 .comment       0x00000000       0x39 obj\debug\spl\src\stm32f10x_rcc.o
 .comment       0x00000000       0x39 obj\debug\src\main.o
 .comment       0x00000000       0x39 obj\debug\src\modules\lcd.o
 .comment       0x00000000       0x39 obj\debug\src\modules\bmp085.o
 .comment       0x00000000       0x39 obj\debug\src\modules\dac.o
 .comment       0x00000000       0x39 obj\debug\src\modules\delays.o
 .comment       0x00000000       0x39 obj\debug\src\modules\hd44780_driver.o
 .comment       0x00000000       0x39 obj\debug\src\modules\i2c.o
 .comment       0x00000000       0x39 obj\debug\src\modules\ioconfig.o
 .comment       0x00000000       0x39 obj\debug\src\modules\stm32f10x_it.o
 .comment       0x00000000       0x39 obj\debug\src\modules\timers.o
 .comment       0x00000000       0x39 obj\debug\src\modules\uart.o
 .comment       0x00000000       0x39 obj\debug\src\system_stm32f10x.o

.debug_info     0x00000000     0x4c08
 .debug_info    0x00000000      0x76d obj\debug\spl\src\stm32f10x_gpio.o
 .debug_info    0x0000076d      0xbed obj\debug\spl\src\stm32f10x_i2c.o
 .debug_info    0x0000135a      0x9cf obj\debug\spl\src\stm32f10x_rcc.o
 .debug_info    0x00001d29      0x1b7 obj\debug\src\main.o
 .debug_info    0x00001ee0      0x280 obj\debug\src\modules\lcd.o
 .debug_info    0x00002160      0x617 obj\debug\src\modules\bmp085.o
 .debug_info    0x00002777      0x284 obj\debug\src\modules\dac.o
 .debug_info    0x000029fb      0x14e obj\debug\src\modules\delays.o
 .debug_info    0x00002b49      0x364 obj\debug\src\modules\hd44780_driver.o
 .debug_info    0x00002ead      0x499 obj\debug\src\modules\i2c.o
 .debug_info    0x00003346      0x729 obj\debug\src\modules\ioconfig.o
 .debug_info    0x00003a6f      0x180 obj\debug\src\modules\stm32f10x_it.o
 .debug_info    0x00003bef      0x7b2 obj\debug\src\modules\timers.o
 .debug_info    0x000043a1      0x376 obj\debug\src\modules\uart.o
 .debug_info    0x00004717       0x72 obj\debug\src\startup_stm32f10x_md_vl.o
 .debug_info    0x00004789      0x47f obj\debug\src\system_stm32f10x.o

.debug_abbrev   0x00000000     0x1206
 .debug_abbrev  0x00000000      0x1cf obj\debug\spl\src\stm32f10x_gpio.o
 .debug_abbrev  0x000001cf      0x16b obj\debug\spl\src\stm32f10x_i2c.o
 .debug_abbrev  0x0000033a      0x1c1 obj\debug\spl\src\stm32f10x_rcc.o
 .debug_abbrev  0x000004fb       0xbc obj\debug\src\main.o
 .debug_abbrev  0x000005b7       0xf9 obj\debug\src\modules\lcd.o
 .debug_abbrev  0x000006b0      0x1bb obj\debug\src\modules\bmp085.o
 .debug_abbrev  0x0000086b       0xa4 obj\debug\src\modules\dac.o
 .debug_abbrev  0x0000090f       0xb3 obj\debug\src\modules\delays.o
 .debug_abbrev  0x000009c2      0x149 obj\debug\src\modules\hd44780_driver.o
 .debug_abbrev  0x00000b0b      0x139 obj\debug\src\modules\i2c.o
 .debug_abbrev  0x00000c44      0x166 obj\debug\src\modules\ioconfig.o
 .debug_abbrev  0x00000daa       0x84 obj\debug\src\modules\stm32f10x_it.o
 .debug_abbrev  0x00000e2e      0x17b obj\debug\src\modules\timers.o
 .debug_abbrev  0x00000fa9       0xf6 obj\debug\src\modules\uart.o
 .debug_abbrev  0x0000109f       0x14 obj\debug\src\startup_stm32f10x_md_vl.o
 .debug_abbrev  0x000010b3      0x153 obj\debug\src\system_stm32f10x.o

.debug_loc      0x00000000     0x1cf0
 .debug_loc     0x00000000      0x3e4 obj\debug\spl\src\stm32f10x_gpio.o
 .debug_loc     0x000003e4      0x738 obj\debug\spl\src\stm32f10x_i2c.o
 .debug_loc     0x00000b1c      0x714 obj\debug\spl\src\stm32f10x_rcc.o
 .debug_loc     0x00001230       0x2c obj\debug\src\main.o
 .debug_loc     0x0000125c       0xd4 obj\debug\src\modules\lcd.o
 .debug_loc     0x00001330       0xd4 obj\debug\src\modules\bmp085.o
 .debug_loc     0x00001404       0x2c obj\debug\src\modules\dac.o
 .debug_loc     0x00001430       0xa8 obj\debug\src\modules\delays.o
 .debug_loc     0x000014d8      0x1d4 obj\debug\src\modules\hd44780_driver.o
 .debug_loc     0x000016ac       0xe0 obj\debug\src\modules\i2c.o
 .debug_loc     0x0000178c      0x1c4 obj\debug\src\modules\ioconfig.o
 .debug_loc     0x00001950      0x1b8 obj\debug\src\modules\stm32f10x_it.o
 .debug_loc     0x00001b08       0xbc obj\debug\src\modules\timers.o
 .debug_loc     0x00001bc4       0x64 obj\debug\src\modules\uart.o
 .debug_loc     0x00001c28       0xc8 obj\debug\src\system_stm32f10x.o

.debug_aranges  0x00000000      0x5e8
 .debug_aranges
                0x00000000       0xa8 obj\debug\spl\src\stm32f10x_gpio.o
 .debug_aranges
                0x000000a8      0x120 obj\debug\spl\src\stm32f10x_i2c.o
 .debug_aranges
                0x000001c8      0x120 obj\debug\spl\src\stm32f10x_rcc.o
 .debug_aranges
                0x000002e8       0x20 obj\debug\src\main.o
 .debug_aranges
                0x00000308       0x38 obj\debug\src\modules\lcd.o
 .debug_aranges
                0x00000340       0x38 obj\debug\src\modules\bmp085.o
 .debug_aranges
                0x00000378       0x20 obj\debug\src\modules\dac.o
 .debug_aranges
                0x00000398       0x30 obj\debug\src\modules\delays.o
 .debug_aranges
                0x000003c8       0x60 obj\debug\src\modules\hd44780_driver.o
 .debug_aranges
                0x00000428       0x38 obj\debug\src\modules\i2c.o
 .debug_aranges
                0x00000460       0x68 obj\debug\src\modules\ioconfig.o
 .debug_aranges
                0x000004c8       0x68 obj\debug\src\modules\stm32f10x_it.o
 .debug_aranges
                0x00000530       0x38 obj\debug\src\modules\timers.o
 .debug_aranges
                0x00000568       0x28 obj\debug\src\modules\uart.o
 .debug_aranges
                0x00000590       0x20 obj\debug\src\startup_stm32f10x_md_vl.o
 .debug_aranges
                0x000005b0       0x38 obj\debug\src\system_stm32f10x.o

.debug_ranges   0x00000000      0x4d8
 .debug_ranges  0x00000000       0x98 obj\debug\spl\src\stm32f10x_gpio.o
 .debug_ranges  0x00000098      0x110 obj\debug\spl\src\stm32f10x_i2c.o
 .debug_ranges  0x000001a8      0x110 obj\debug\spl\src\stm32f10x_rcc.o
 .debug_ranges  0x000002b8       0x10 obj\debug\src\main.o
 .debug_ranges  0x000002c8       0x28 obj\debug\src\modules\lcd.o
 .debug_ranges  0x000002f0       0x28 obj\debug\src\modules\bmp085.o
 .debug_ranges  0x00000318       0x10 obj\debug\src\modules\dac.o
 .debug_ranges  0x00000328       0x20 obj\debug\src\modules\delays.o
 .debug_ranges  0x00000348       0x50 obj\debug\src\modules\hd44780_driver.o
 .debug_ranges  0x00000398       0x28 obj\debug\src\modules\i2c.o
 .debug_ranges  0x000003c0       0x58 obj\debug\src\modules\ioconfig.o
 .debug_ranges  0x00000418       0x58 obj\debug\src\modules\stm32f10x_it.o
 .debug_ranges  0x00000470       0x28 obj\debug\src\modules\timers.o
 .debug_ranges  0x00000498       0x18 obj\debug\src\modules\uart.o
 .debug_ranges  0x000004b0       0x28 obj\debug\src\system_stm32f10x.o

.debug_macro    0x00000000     0xa482
 .debug_macro   0x00000000      0x1c5 obj\debug\spl\src\stm32f10x_gpio.o
 .debug_macro   0x000001c5      0x2a6 obj\debug\spl\src\stm32f10x_gpio.o
 .debug_macro   0x0000046b      0x249 obj\debug\spl\src\stm32f10x_i2c.o
 .debug_macro   0x000006b4      0x2ab obj\debug\spl\src\stm32f10x_i2c.o
 .debug_macro   0x0000095f      0x2a1 obj\debug\spl\src\stm32f10x_rcc.o
 .debug_macro   0x00000c00      0x45b obj\debug\spl\src\stm32f10x_rcc.o
 .debug_macro   0x0000105b      0x1cf obj\debug\src\main.o
 .debug_macro   0x0000122a       0x5d obj\debug\src\main.o
 .debug_macro   0x00001287     0x7fa8 obj\debug\src\main.o
 .debug_macro   0x0000922f       0x35 obj\debug\src\main.o
 .debug_macro   0x00009264       0x34 obj\debug\src\main.o
 .debug_macro   0x00009298      0x12b obj\debug\src\main.o
 .debug_macro   0x000093c3      0x193 obj\debug\src\modules\lcd.o
 .debug_macro   0x00009556      0x197 obj\debug\src\modules\bmp085.o
 .debug_macro   0x000096ed      0x17d obj\debug\src\modules\dac.o
 .debug_macro   0x0000986a      0x183 obj\debug\src\modules\delays.o
 .debug_macro   0x000099ed      0x176 obj\debug\src\modules\hd44780_driver.o
 .debug_macro   0x00009b63      0x181 obj\debug\src\modules\i2c.o
 .debug_macro   0x00009ce4      0x18b obj\debug\src\modules\ioconfig.o
 .debug_macro   0x00009e6f      0x177 obj\debug\src\modules\stm32f10x_it.o
 .debug_macro   0x00009fe6      0x1ab obj\debug\src\modules\timers.o
 .debug_macro   0x0000a191      0x177 obj\debug\src\modules\uart.o
 .debug_macro   0x0000a308      0x17a obj\debug\src\system_stm32f10x.o

.debug_line     0x00000000     0x5369
 .debug_line    0x00000000      0x633 obj\debug\spl\src\stm32f10x_gpio.o
 .debug_line    0x00000633      0x749 obj\debug\spl\src\stm32f10x_i2c.o
 .debug_line    0x00000d7c      0x752 obj\debug\spl\src\stm32f10x_rcc.o
 .debug_line    0x000014ce      0x529 obj\debug\src\main.o
 .debug_line    0x000019f7      0x550 obj\debug\src\modules\lcd.o
 .debug_line    0x00001f47      0x581 obj\debug\src\modules\bmp085.o
 .debug_line    0x000024c8      0x484 obj\debug\src\modules\dac.o
 .debug_line    0x0000294c      0x4d7 obj\debug\src\modules\delays.o
 .debug_line    0x00002e23      0x595 obj\debug\src\modules\hd44780_driver.o
 .debug_line    0x000033b8      0x539 obj\debug\src\modules\i2c.o
 .debug_line    0x000038f1      0x59d obj\debug\src\modules\ioconfig.o
 .debug_line    0x00003e8e      0x53d obj\debug\src\modules\stm32f10x_it.o
 .debug_line    0x000043cb      0x528 obj\debug\src\modules\timers.o
 .debug_line    0x000048f3      0x4bd obj\debug\src\modules\uart.o
 .debug_line    0x00004db0       0xa9 obj\debug\src\startup_stm32f10x_md_vl.o
 .debug_line    0x00004e59      0x510 obj\debug\src\system_stm32f10x.o

.debug_str      0x00000000    0x515cc
 .debug_str     0x00000000    0x4efe0 obj\debug\spl\src\stm32f10x_gpio.o
                              0x4f156 (size before relaxing)
 .debug_str     0x0004efe0      0x902 obj\debug\spl\src\stm32f10x_i2c.o
                              0x4f4f8 (size before relaxing)
 .debug_str     0x0004f8e2      0xb43 obj\debug\spl\src\stm32f10x_rcc.o
                              0x4f7dc (size before relaxing)
 .debug_str     0x00050425      0x5c3 obj\debug\src\main.o
                              0x4f1a1 (size before relaxing)
 .debug_str     0x000509e8       0xc0 obj\debug\src\modules\lcd.o
                              0x4f1d6 (size before relaxing)
 .debug_str     0x00050aa8      0x1d8 obj\debug\src\modules\bmp085.o
                              0x4ee64 (size before relaxing)
 .debug_str     0x00050c80       0x83 obj\debug\src\modules\dac.o
                              0x4ec33 (size before relaxing)
 .debug_str     0x00050d03       0x48 obj\debug\src\modules\delays.o
                              0x4ebb2 (size before relaxing)
 .debug_str     0x00050d4b      0x121 obj\debug\src\modules\hd44780_driver.o
                              0x4f194 (size before relaxing)
 .debug_str     0x00050e6c       0xad obj\debug\src\modules\i2c.o
                              0x4ee42 (size before relaxing)
 .debug_str     0x00050f19      0x3be obj\debug\src\modules\ioconfig.o
                              0x4f01b (size before relaxing)
 .debug_str     0x000512d7       0xbe obj\debug\src\modules\stm32f10x_it.o
                              0x4ec15 (size before relaxing)
 .debug_str     0x00051395      0x113 obj\debug\src\modules\timers.o
                              0x4f5ef (size before relaxing)
 .debug_str     0x000514a8       0x3d obj\debug\src\modules\uart.o
                              0x4ec5a (size before relaxing)
 .debug_str     0x000514e5       0xe7 obj\debug\src\system_stm32f10x.o
                              0x4ed02 (size before relaxing)

.debug_frame    0x00000000     0x10d4
 .debug_frame   0x00000000      0x210 obj\debug\spl\src\stm32f10x_gpio.o
 .debug_frame   0x00000210      0x3b4 obj\debug\spl\src\stm32f10x_i2c.o
 .debug_frame   0x000005c4      0x3a4 obj\debug\spl\src\stm32f10x_rcc.o
 .debug_frame   0x00000968       0x2c obj\debug\src\main.o
 .debug_frame   0x00000994       0x8c obj\debug\src\modules\lcd.o
 .debug_frame   0x00000a20       0x8c obj\debug\src\modules\bmp085.o
 .debug_frame   0x00000aac       0x28 obj\debug\src\modules\dac.o
 .debug_frame   0x00000ad4       0x68 obj\debug\src\modules\delays.o
 .debug_frame   0x00000b3c      0x120 obj\debug\src\modules\hd44780_driver.o
 .debug_frame   0x00000c5c       0x84 obj\debug\src\modules\i2c.o
 .debug_frame   0x00000ce0      0x11c obj\debug\src\modules\ioconfig.o
 .debug_frame   0x00000dfc      0x104 obj\debug\src\modules\stm32f10x_it.o
 .debug_frame   0x00000f00       0x7c obj\debug\src\modules\timers.o
 .debug_frame   0x00000f7c       0x44 obj\debug\src\modules\uart.o
 .debug_frame   0x00000fc0       0x80 obj\debug\src\system_stm32f10x.o
 .debug_frame   0x00001040       0x28 d:/program files/emblocks/2.30/share/em_armgcc/bin/../lib/gcc/arm-none-eabi/4.7.3/../../../../arm-none-eabi/lib/armv7-m\libc_n.a(lib_a-exit.o)
 .debug_frame   0x00001068       0x2c d:/program files/emblocks/2.30/share/em_armgcc/bin/../lib/gcc/arm-none-eabi/4.7.3/../../../../arm-none-eabi/lib/armv7-m\libc_n.a(lib_a-init.o)
 .debug_frame   0x00001094       0x20 d:/program files/emblocks/2.30/share/em_armgcc/bin/../lib/gcc/arm-none-eabi/4.7.3/../../../../arm-none-eabi/lib/armv7-m\libc_n.a(lib_a-memset.o)
 .debug_frame   0x000010b4       0x20 d:/program files/emblocks/2.30/share/em_armgcc/bin/../lib/gcc/arm-none-eabi/4.7.3/../../../../arm-none-eabi/lib/armv7-m\libnosys.a(_exit.o)
